11:32:59 **** Incremental Build of configuration Debug for project s7 ****
make all 
'Building target: s7.elf'
'Invoking: MicroBlaze gcc linker'
mb-gcc -Wl,-T -Wl,../src/lscript.ld -L../../s7_bsp/microblaze_0/lib -mlittle-endian -mcpu=v10.0 -mxl-soft-mul -Wl,--no-relax -Wl,--gc-sections -o "s7.elf"  ./src/platform.o   -Wl,--start-group,-lxil,-lgcc,-lc,--end-group
c:/xilinx/sdk/2017.3/gnu/microblaze/nt/bin/../lib/gcc/microblaze-xilinx-elf/6.2.0/../../../../microblaze-xilinx-elf/lib/le/crtinit.o: In function `_crtinit':
(.text+0x78): undefined reference to `main'
collect2.exe: error: ld returned 1 exit status
make: *** [s7.elf] Error 1
11:40:37 **** Build of project s7_bsp ****
make -k all 
"Running Make include in microblaze_0/libsrc/bram_v4_2/src"
make -C microblaze_0/libsrc/bram_v4_2/src -s include  "SHELL=CMD" "COMPILER=mb-gcc" "ARCHIVER=mb-ar" "COMPILER_FLAGS= -O2 -c -mcpu=v10.0 -mlittle-endian -mxl-soft-mul" "EXTRA_COMPILER_FLAGS=-ffunction-sections -fdata-sections -Wall -Wextra"
"Running Make include in microblaze_0/libsrc/cpu_v2_6/src"
make -C microblaze_0/libsrc/cpu_v2_6/src -s include  "SHELL=CMD" "COMPILER=mb-gcc" "ARCHIVER=mb-ar" "COMPILER_FLAGS= -O2 -c -mcpu=v10.0 -mlittle-endian -mxl-soft-mul" "EXTRA_COMPILER_FLAGS=-ffunction-sections -fdata-sections -Wall -Wextra"
"Running Make include in microblaze_0/libsrc/intc_v3_7/src"
make -C microblaze_0/libsrc/intc_v3_7/src -s include  "SHELL=CMD" "COMPILER=mb-gcc" "ARCHIVER=mb-ar" "COMPILER_FLAGS= -O2 -c -mcpu=v10.0 -mlittle-endian -mxl-soft-mul" "EXTRA_COMPILER_FLAGS=-ffunction-sections -fdata-sections -Wall -Wextra"
"Running Make include in microblaze_0/libsrc/PmodMTDS_v1_0/src"
make -C microblaze_0/libsrc/PmodMTDS_v1_0/src -s include  "SHELL=CMD" "COMPILER=mb-gcc" "ARCHIVER=mb-ar" "COMPILER_FLAGS= -O2 -c -mcpu=v10.0 -mlittle-endian -mxl-soft-mul" "EXTRA_COMPILER_FLAGS=-ffunction-sections -fdata-sections -Wall -Wextra"
"Running Make include in microblaze_0/libsrc/standalone_v6_4/src"
make -C microblaze_0/libsrc/standalone_v6_4/src -s include  "SHELL=CMD" "COMPILER=mb-gcc" "ARCHIVER=mb-ar" "COMPILER_FLAGS= -O2 -c -mcpu=v10.0 -mlittle-endian -mxl-soft-mul" "EXTRA_COMPILER_FLAGS=-ffunction-sections -fdata-sections -Wall -Wextra"
"Running Make include in microblaze_0/libsrc/uartlite_v3_2/src"
make -C microblaze_0/libsrc/uartlite_v3_2/src -s include  "SHELL=CMD" "COMPILER=mb-gcc" "ARCHIVER=mb-ar" "COMPILER_FLAGS= -O2 -c -mcpu=v10.0 -mlittle-endian -mxl-soft-mul" "EXTRA_COMPILER_FLAGS=-ffunction-sections -fdata-sections -Wall -Wextra"
"Running Make libs in microblaze_0/libsrc/bram_v4_2/src"
make -C microblaze_0/libsrc/bram_v4_2/src -s libs  "SHELL=CMD" "COMPILER=mb-gcc" "ARCHIVER=mb-ar" "COMPILER_FLAGS= -O2 -c -mcpu=v10.0 -mlittle-endian -mxl-soft-mul" "EXTRA_COMPILER_FLAGS=-ffunction-sections -fdata-sections -Wall -Wextra"
"Compiling bram"
mb-ar: creating ../../../lib/libxil.a
"Running Make libs in microblaze_0/libsrc/cpu_v2_6/src"
make -C microblaze_0/libsrc/cpu_v2_6/src -s libs  "SHELL=CMD" "COMPILER=mb-gcc" "ARCHIVER=mb-ar" "COMPILER_FLAGS= -O2 -c -mcpu=v10.0 -mlittle-endian -mxl-soft-mul" "EXTRA_COMPILER_FLAGS=-ffunction-sections -fdata-sections -Wall -Wextra"
"Compiling cpu"
"Running Make libs in microblaze_0/libsrc/intc_v3_7/src"
make -C microblaze_0/libsrc/intc_v3_7/src -s libs  "SHELL=CMD" "COMPILER=mb-gcc" "ARCHIVER=mb-ar" "COMPILER_FLAGS= -O2 -c -mcpu=v10.0 -mlittle-endian -mxl-soft-mul" "EXTRA_COMPILER_FLAGS=-ffunction-sections -fdata-sections -Wall -Wextra"
"Compiling intc"
"Running Make libs in microblaze_0/libsrc/PmodMTDS_v1_0/src"
make -C microblaze_0/libsrc/PmodMTDS_v1_0/src -s libs  "SHELL=CMD" "COMPILER=mb-gcc" "ARCHIVER=mb-ar" "COMPILER_FLAGS= -O2 -c -mcpu=v10.0 -mlittle-endian -mxl-soft-mul" "EXTRA_COMPILER_FLAGS=-ffunction-sections -fdata-sections -Wall -Wextra"
"Compiling PmodMTDS..."
PmodMTDS.c:28:1: warning: "/*" within comment [-Wcomment]
 /* for the PmodMTDS (insert name, duh).
  
PmodMTDS.c:29:1: warning: "/*" within comment [-Wcomment]
 /*                  */
  
PmodMTDS.c:34:1: warning: "/*" within comment [-Wcomment]
 /*                  */
  
MtdsCore.cpp: In function 'bool MtdsReadRhdr(uint8_t*)':
MtdsCore.cpp:332:15: warning: comparison between signed and unsigned integer expressions [-Wsign-compare]
  while (cbCur < sizeof(RHDR)) {
         ~~~~~~^~~~~~~~~
MtdsCore.cpp: In function 'bool MtdsReadDhdr(uint8_t*)':
MtdsCore.cpp:422:15: warning: comparison between signed and unsigned integer expressions [-Wsign-compare]
  while (cbCur < sizeof(DHDR)) {
         ~~~~~~^~~~~~~~~
MtdsFs.cpp: In member function 'bool MTFS::GetCurrentDir(int, char*)':
MtdsFs.cpp:200:30: warning: unused parameter 'cbMax' [-Wunused-parameter]
 bool MTFS::GetCurrentDir(int cbMax, char * szDir) {
                              ^~~~~
MtdsFs.cpp: In member function 'bool MTFS::SetVolumeLabel(char*)':
MtdsFs.cpp:244:34: warning: unused parameter 'szVol' [-Wunused-parameter]
 bool MTFS::SetVolumeLabel(char * szVol) {
                                  ^~~~~
MtdsFs.cpp: In member function 'bool MTFS::GetVolumeLabel(int, char*)':
MtdsFs.cpp:265:31: warning: unused parameter 'cbMax' [-Wunused-parameter]
 bool MTFS::GetVolumeLabel(int cbMax, char * szVol) {
                               ^~~~~
MtdsFs.cpp:265:45: warning: unused parameter 'szVol' [-Wunused-parameter]
 bool MTFS::GetVolumeLabel(int cbMax, char * szVol) {
                                             ^~~~~
MtdsHal.cpp: In function 'void MtdsHalInit(int)':
MtdsHal.cpp:110:22: warning: unused parameter 'pinSel' [-Wunused-parameter]
 void MtdsHalInit(int pinSel) {
                      ^~~~~~
MtdsHal.cpp: In function 'void MtdsHalEnableStatusPin(int)':
MtdsHal.cpp:147:33: warning: unused parameter 'idPin' [-Wunused-parameter]
 void MtdsHalEnableStatusPin(int idPin) {
                                 ^~~~~
MtdsHal.cpp: In function 'bool MtdsHalGetStatusPin(int)':
MtdsHal.cpp:169:30: warning: unused parameter 'idPin' [-Wunused-parameter]
 bool MtdsHalGetStatusPin(int idPin) {
                              ^~~~~
MtdsHal.cpp: In function 'bool MtdsHalResetDisplay(int)':
MtdsHal.cpp:197:30: warning: unused parameter 'pinSel' [-Wunused-parameter]
 bool MtdsHalResetDisplay(int pinSel) {
                              ^~~~~~
MtdsHal.cpp: In function 'void MtdsHalInitSpi(uint32_t, uint32_t)':
MtdsHal.cpp:221:30: warning: unused parameter 'pspiInit' [-Wunused-parameter]
 void MtdsHalInitSpi(uint32_t pspiInit, uint32_t frq) {
                              ^~~~~~~~
MtdsHal.cpp:221:49: warning: unused parameter 'frq' [-Wunused-parameter]
 void MtdsHalInitSpi(uint32_t pspiInit, uint32_t frq) {
                                                 ^~~
"Running Make libs in microblaze_0/libsrc/standalone_v6_4/src"
make -C microblaze_0/libsrc/standalone_v6_4/src -s libs  "SHELL=CMD" "COMPILER=mb-gcc" "ARCHIVER=mb-ar" "COMPILER_FLAGS= -O2 -c -mcpu=v10.0 -mlittle-endian -mxl-soft-mul" "EXTRA_COMPILER_FLAGS=-ffunction-sections -fdata-sections -Wall -Wextra"
"Compiling standalone";
"Running Make libs in microblaze_0/libsrc/uartlite_v3_2/src"
make -C microblaze_0/libsrc/uartlite_v3_2/src -s libs  "SHELL=CMD" "COMPILER=mb-gcc" "ARCHIVER=mb-ar" "COMPILER_FLAGS= -O2 -c -mcpu=v10.0 -mlittle-endian -mxl-soft-mul" "EXTRA_COMPILER_FLAGS=-ffunction-sections -fdata-sections -Wall -Wextra"
"Compiling uartlite"
'Finished building libraries'
11:41:38 **** Build of configuration Debug for project s7 ****
make all 
'Building file: ../src/main.cc'
'Invoking: MicroBlaze g++ compiler'
mb-g++ -Wall -O0 -g3 -c -fmessage-length=0 -MT"src/main.o" -I../../s7_bsp/microblaze_0/include -mlittle-endian -mcpu=v10.0 -mxl-soft-mul -Wl,--no-relax -ffunction-sections -fdata-sections -MMD -MP -MF"src/main.d" -MT"src/main.o" -o "src/main.o" "../src/main.cc"
../src/main.cc: In function 'int main()':
../src/main.cc:34:10: error: 'setup' was not declared in this scope
    setup();
          ^
make: *** [src/main.o] Error 1
11:43:56 **** Incremental Build of configuration Debug for project s7 ****
make all 
'Building file: ../src/main.cc'
'Invoking: MicroBlaze g++ compiler'
mb-g++ -Wall -O0 -g3 -c -fmessage-length=0 -MT"src/main.o" -I../../s7_bsp/microblaze_0/include -mlittle-endian -mcpu=v10.0 -mxl-soft-mul -Wl,--no-relax -ffunction-sections -fdata-sections -MMD -MP -MF"src/main.d" -MT"src/main.o" -o "src/main.o" "../src/main.cc"
'Finished building: ../src/main.cc'
' '
'Building target: s7.elf'
'Invoking: MicroBlaze g++ linker'
mb-g++ -Wl,-T -Wl,../src/lscript.ld -L../../s7_bsp/microblaze_0/lib -mlittle-endian -mcpu=v10.0 -mxl-soft-mul -Wl,--no-relax -Wl,--gc-sections -o "s7.elf"  ./src/main.o   -Wl,--start-group,-lxil,-lgcc,-lc,-lstdc++,--end-group
'Finished building target: s7.elf'
' '
'Invoking: MicroBlaze Print Size'
mb-size s7.elf  |tee "s7.elf.size"
   text	   data	    bss	    dec	    hex	filename
  90820	   1548	   3192	  95560	  17548	s7.elf
'Finished building: s7.elf.size'
' '
11:44:41 **** Incremental Build of configuration Debug for project s7 ****
make all 
make: Nothing to be done for `all'.
11:45:17 **** Incremental Build of configuration Debug for project s7 ****
make all 
make: Nothing to be done for `all'.
11:47:28 **** Incremental Build of configuration Debug for project s7 ****
make all 
'Building file: ../src/main.cc'
'Invoking: MicroBlaze g++ compiler'
mb-g++ -Wall -O0 -g3 -c -fmessage-length=0 -MT"src/main.o" -I../../s7_bsp/microblaze_0/include -mlittle-endian -mcpu=v10.0 -mxl-soft-mul -Wl,--no-relax -ffunction-sections -fdata-sections -MMD -MP -MF"src/main.d" -MT"src/main.o" -o "src/main.o" "../src/main.cc"
../src/main.cc: In function 'int main()':
../src/main.cc:42:18: error: cannot call member function 'bool MYDISP::begin()' without object
    MYDISP::begin();
                  ^
../src/main.cc:43:10: error: expected unqualified-id before '.' token
    MYDISP.drawLine(0, 0, 100, 100);
          ^
make: *** [src/main.o] Error 1
11:50:28 **** Incremental Build of configuration Debug for project s7 ****
make all 
'Building file: ../src/main.cc'
'Invoking: MicroBlaze g++ compiler'
mb-g++ -Wall -O0 -g3 -c -fmessage-length=0 -MT"src/main.o" -I../../s7_bsp/microblaze_0/include -mlittle-endian -mcpu=v10.0 -mxl-soft-mul -Wl,--no-relax -ffunction-sections -fdata-sections -MMD -MP -MF"src/main.d" -MT"src/main.o" -o "src/main.o" "../src/main.cc"
../src/main.cc: In function 'int main()':
../src/main.cc:42:4: error: 'mydisp' is not a class, namespace, or enumeration
    mydisp::begin();
    ^~~~~~
make: *** [src/main.o] Error 1
11:51:18 **** Incremental Build of configuration Debug for project s7 ****
make all 
'Building file: ../src/main.cc'
'Invoking: MicroBlaze g++ compiler'
mb-g++ -Wall -O0 -g3 -c -fmessage-length=0 -MT"src/main.o" -I../../s7_bsp/microblaze_0/include -mlittle-endian -mcpu=v10.0 -mxl-soft-mul -Wl,--no-relax -ffunction-sections -fdata-sections -MMD -MP -MF"src/main.d" -MT"src/main.o" -o "src/main.o" "../src/main.cc"
'Finished building: ../src/main.cc'
' '
'Building target: s7.elf'
'Invoking: MicroBlaze g++ linker'
mb-g++ -Wl,-T -Wl,../src/lscript.ld -L../../s7_bsp/microblaze_0/lib -mlittle-endian -mcpu=v10.0 -mxl-soft-mul -Wl,--no-relax -Wl,--gc-sections -o "s7.elf"  ./src/main.o   -Wl,--start-group,-lxil,-lgcc,-lc,-lstdc++,--end-group
'Finished building target: s7.elf'
' '
'Invoking: MicroBlaze Print Size'
mb-size s7.elf  |tee "s7.elf.size"
   text	   data	    bss	    dec	    hex	filename
 102348	   1608	   4588	 108544	  1a800	s7.elf
'Finished building: s7.elf.size'
' '
11:51:23 **** Incremental Build of configuration Debug for project s7 ****
make all 
make: Nothing to be done for `all'.
11:57:46 **** Incremental Build of configuration Debug for project s7 ****
make all 
'Building file: ../src/main.cc'
'Invoking: MicroBlaze g++ compiler'
mb-g++ -Wall -O0 -g3 -c -fmessage-length=0 -MT"src/main.o" -I../../s7_bsp/microblaze_0/include -mlittle-endian -mcpu=v10.0 -mxl-soft-mul -Wl,--no-relax -ffunction-sections -fdata-sections -MMD -MP -MF"src/main.d" -MT"src/main.o" -o "src/main.o" "../src/main.cc"
'Finished building: ../src/main.cc'
' '
'Building target: s7.elf'
'Invoking: MicroBlaze g++ linker'
mb-g++ -Wl,-T -Wl,../src/lscript.ld -L../../s7_bsp/microblaze_0/lib -mlittle-endian -mcpu=v10.0 -mxl-soft-mul -Wl,--no-relax -Wl,--gc-sections -o "s7.elf"  ./src/main.o   -Wl,--start-group,-lxil,-lgcc,-lc,-lstdc++,--end-group
'Finished building target: s7.elf'
' '
'Invoking: MicroBlaze Print Size'
mb-size s7.elf  |tee "s7.elf.size"
   text	   data	    bss	    dec	    hex	filename
 102876	   1608	   4588	 109072	  1aa10	s7.elf
'Finished building: s7.elf.size'
' '
12:03:06 **** Incremental Build of configuration Debug for project s7 ****
make all 
make: Nothing to be done for `all'.
12:08:17 **** Incremental Build of configuration Debug for project s7 ****
make all 
'Building file: ../src/main.cc'
'Invoking: MicroBlaze g++ compiler'
mb-g++ -Wall -O0 -g3 -c -fmessage-length=0 -MT"src/main.o" -I../../s7_bsp/microblaze_0/include -mlittle-endian -mcpu=v10.0 -mxl-soft-mul -Wl,--no-relax -ffunction-sections -fdata-sections -MMD -MP -MF"src/main.d" -MT"src/main.o" -o "src/main.o" "../src/main.cc"
'Finished building: ../src/main.cc'
' '
'Building target: s7.elf'
'Invoking: MicroBlaze g++ linker'
mb-g++ -Wl,-T -Wl,../src/lscript.ld -L../../s7_bsp/microblaze_0/lib -mlittle-endian -mcpu=v10.0 -mxl-soft-mul -Wl,--no-relax -Wl,--gc-sections -o "s7.elf"  ./src/main.o   -Wl,--start-group,-lxil,-lgcc,-lc,-lstdc++,--end-group
'Finished building target: s7.elf'
' '
'Invoking: MicroBlaze Print Size'
mb-size s7.elf  |tee "s7.elf.size"
   text	   data	    bss	    dec	    hex	filename
 102976	   1608	   4584	 109168	  1aa70	s7.elf
'Finished building: s7.elf.size'
' '
12:08:20 **** Incremental Build of configuration Debug for project s7 ****
make all 
make: Nothing to be done for `all'.
12:13:15 **** Incremental Build of configuration Debug for project s7 ****
make all 
'Building file: ../src/main.cc'
'Invoking: MicroBlaze g++ compiler'
mb-g++ -Wall -O0 -g3 -c -fmessage-length=0 -MT"src/main.o" -I../../s7_bsp/microblaze_0/include -mlittle-endian -mcpu=v10.0 -mxl-soft-mul -Wl,--no-relax -ffunction-sections -fdata-sections -MMD -MP -MF"src/main.d" -MT"src/main.o" -o "src/main.o" "../src/main.cc"
../src/main.cc: In function 'int main()':
../src/main.cc:43:24: error: 'clr' was not declared in this scope
    mydisp.clearDisplay(clr);
                        ^~~
make: *** [src/main.o] Error 1
12:15:18 **** Incremental Build of configuration Debug for project s7 ****
make all 
'Building file: ../src/main.cc'
'Invoking: MicroBlaze g++ compiler'
mb-g++ -Wall -O0 -g3 -c -fmessage-length=0 -MT"src/main.o" -I../../s7_bsp/microblaze_0/include -mlittle-endian -mcpu=v10.0 -mxl-soft-mul -Wl,--no-relax -ffunction-sections -fdata-sections -MMD -MP -MF"src/main.d" -MT"src/main.o" -o "src/main.o" "../src/main.cc"
../src/main.cc: In function 'int main()':
../src/main.cc:43:24: error: 'clr' was not declared in this scope
    mydisp.clearDisplay(clr);
                        ^~~
make: *** [src/main.o] Error 1
12:15:29 **** Incremental Build of configuration Debug for project s7 ****
make all 
'Building file: ../src/main.cc'
'Invoking: MicroBlaze g++ compiler'
mb-g++ -Wall -O0 -g3 -c -fmessage-length=0 -MT"src/main.o" -I../../s7_bsp/microblaze_0/include -mlittle-endian -mcpu=v10.0 -mxl-soft-mul -Wl,--no-relax -ffunction-sections -fdata-sections -MMD -MP -MF"src/main.d" -MT"src/main.o" -o "src/main.o" "../src/main.cc"
../src/main.cc: In function 'int main()':
../src/main.cc:43:24: error: no matching function for call to 'MYDISP::clearDisplay()'
    mydisp.clearDisplay();
                        ^
In file included from ../src/main.cc:25:0:
../../s7_bsp/microblaze_0/include/MyDisp.h:123:8: note: candidate: bool MYDISP::clearDisplay(uint32_t)
  bool  clearDisplay(uint32_t clr)  { return mtds.ClearDisplay(clr); };
        ^~~~~~~~~~~~
../../s7_bsp/microblaze_0/include/MyDisp.h:123:8: note:   candidate expects 1 argument, 0 provided
make: *** [src/main.o] Error 1
12:16:05 **** Incremental Build of configuration Debug for project s7 ****
make all 
'Building file: ../src/main.cc'
'Invoking: MicroBlaze g++ compiler'
mb-g++ -Wall -O0 -g3 -c -fmessage-length=0 -MT"src/main.o" -I../../s7_bsp/microblaze_0/include -mlittle-endian -mcpu=v10.0 -mxl-soft-mul -Wl,--no-relax -ffunction-sections -fdata-sections -MMD -MP -MF"src/main.d" -MT"src/main.o" -o "src/main.o" "../src/main.cc"
'Finished building: ../src/main.cc'
' '
'Building target: s7.elf'
'Invoking: MicroBlaze g++ linker'
mb-g++ -Wl,-T -Wl,../src/lscript.ld -L../../s7_bsp/microblaze_0/lib -mlittle-endian -mcpu=v10.0 -mxl-soft-mul -Wl,--no-relax -Wl,--gc-sections -o "s7.elf"  ./src/main.o   -Wl,--start-group,-lxil,-lgcc,-lc,-lstdc++,--end-group
'Finished building target: s7.elf'
' '
'Invoking: MicroBlaze Print Size'
mb-size s7.elf  |tee "s7.elf.size"
   text	   data	    bss	    dec	    hex	filename
 103084	   1608	   4588	 109280	  1aae0	s7.elf
'Finished building: s7.elf.size'
' '
12:16:09 **** Incremental Build of configuration Debug for project s7 ****
make all 
make: Nothing to be done for `all'.
12:16:52 **** Incremental Build of configuration Debug for project s7 ****
make all 
make: Nothing to be done for `all'.
12:17:27 **** Incremental Build of configuration Debug for project s7 ****
make all 
make: Nothing to be done for `all'.
12:18:05 **** Incremental Build of configuration Debug for project s7 ****
make all 
make: Nothing to be done for `all'.
12:18:31 **** Incremental Build of configuration Debug for project s7 ****
make all 
'Building file: ../src/main.cc'
'Invoking: MicroBlaze g++ compiler'
mb-g++ -Wall -O0 -g3 -c -fmessage-length=0 -MT"src/main.o" -I../../s7_bsp/microblaze_0/include -mlittle-endian -mcpu=v10.0 -mxl-soft-mul -Wl,--no-relax -ffunction-sections -fdata-sections -MMD -MP -MF"src/main.d" -MT"src/main.o" -o "src/main.o" "../src/main.cc"
'Finished building: ../src/main.cc'
' '
'Building target: s7.elf'
'Invoking: MicroBlaze g++ linker'
mb-g++ -Wl,-T -Wl,../src/lscript.ld -L../../s7_bsp/microblaze_0/lib -mlittle-endian -mcpu=v10.0 -mxl-soft-mul -Wl,--no-relax -Wl,--gc-sections -o "s7.elf"  ./src/main.o   -Wl,--start-group,-lxil,-lgcc,-lc,-lstdc++,--end-group
'Finished building target: s7.elf'
' '
'Invoking: MicroBlaze Print Size'
mb-size s7.elf  |tee "s7.elf.size"
   text	   data	    bss	    dec	    hex	filename
 103088	   1608	   4584	 109280	  1aae0	s7.elf
'Finished building: s7.elf.size'
' '
12:19:06 **** Incremental Build of configuration Debug for project s7 ****
make all 
make: Nothing to be done for `all'.
12:45:00 **** Incremental Build of configuration Debug for project s7 ****
make all 
make: Nothing to be done for `all'.
12:48:22 **** Incremental Build of configuration Debug for project s7 ****
make all 
'Building file: ../src/main.cc'
'Invoking: MicroBlaze g++ compiler'
mb-g++ -Wall -O0 -g3 -c -fmessage-length=0 -MT"src/main.o" -I../../s7_bsp/microblaze_0/include -mlittle-endian -mcpu=v10.0 -mxl-soft-mul -Wl,--no-relax -ffunction-sections -fdata-sections -MMD -MP -MF"src/main.d" -MT"src/main.o" -o "src/main.o" "../src/main.cc"
'Finished building: ../src/main.cc'
' '
'Building target: s7.elf'
'Invoking: MicroBlaze g++ linker'
mb-g++ -Wl,-T -Wl,../src/lscript.ld -L../../s7_bsp/microblaze_0/lib -mlittle-endian -mcpu=v10.0 -mxl-soft-mul -Wl,--no-relax -Wl,--gc-sections -o "s7.elf"  ./src/main.o   -Wl,--start-group,-lxil,-lgcc,-lc,-lstdc++,--end-group
'Finished building target: s7.elf'
' '
'Invoking: MicroBlaze Print Size'
mb-size s7.elf  |tee "s7.elf.size"
   text	   data	    bss	    dec	    hex	filename
 104552	   1608	   4584	 110744	  1b098	s7.elf
'Finished building: s7.elf.size'
' '
12:53:11 **** Incremental Build of configuration Debug for project s7 ****
make all 
'Building file: ../src/main.cc'
'Invoking: MicroBlaze g++ compiler'
mb-g++ -Wall -O0 -g3 -c -fmessage-length=0 -MT"src/main.o" -I../../s7_bsp/microblaze_0/include -mlittle-endian -mcpu=v10.0 -mxl-soft-mul -Wl,--no-relax -ffunction-sections -fdata-sections -MMD -MP -MF"src/main.d" -MT"src/main.o" -o "src/main.o" "../src/main.cc"
'Finished building: ../src/main.cc'
' '
'Building target: s7.elf'
'Invoking: MicroBlaze g++ linker'
mb-g++ -Wl,-T -Wl,../src/lscript.ld -L../../s7_bsp/microblaze_0/lib -mlittle-endian -mcpu=v10.0 -mxl-soft-mul -Wl,--no-relax -Wl,--gc-sections -o "s7.elf"  ./src/main.o   -Wl,--start-group,-lxil,-lgcc,-lc,-lstdc++,--end-group
'Finished building target: s7.elf'
' '
'Invoking: MicroBlaze Print Size'
mb-size s7.elf  |tee "s7.elf.size"
   text	   data	    bss	    dec	    hex	filename
 103900	   1608	   4588	 110096	  1ae10	s7.elf
'Finished building: s7.elf.size'
' '
12:55:31 **** Incremental Build of configuration Debug for project s7 ****
make all 
'Building file: ../src/main.cc'
'Invoking: MicroBlaze g++ compiler'
mb-g++ -Wall -O0 -g3 -c -fmessage-length=0 -MT"src/main.o" -I../../s7_bsp/microblaze_0/include -mlittle-endian -mcpu=v10.0 -mxl-soft-mul -Wl,--no-relax -ffunction-sections -fdata-sections -MMD -MP -MF"src/main.d" -MT"src/main.o" -o "src/main.o" "../src/main.cc"
'Finished building: ../src/main.cc'
' '
'Building target: s7.elf'
'Invoking: MicroBlaze g++ linker'
mb-g++ -Wl,-T -Wl,../src/lscript.ld -L../../s7_bsp/microblaze_0/lib -mlittle-endian -mcpu=v10.0 -mxl-soft-mul -Wl,--no-relax -Wl,--gc-sections -o "s7.elf"  ./src/main.o   -Wl,--start-group,-lxil,-lgcc,-lc,-lstdc++,--end-group
'Finished building target: s7.elf'
' '
'Invoking: MicroBlaze Print Size'
mb-size s7.elf  |tee "s7.elf.size"
   text	   data	    bss	    dec	    hex	filename
 103960	   1608	   4584	 110152	  1ae48	s7.elf
'Finished building: s7.elf.size'
' '
13:00:20 **** Incremental Build of configuration Debug for project s7 ****
make all 
make: Nothing to be done for `all'.
13:00:47 **** Incremental Build of configuration Debug for project s7 ****
make all 
'Building file: ../src/main.cc'
'Invoking: MicroBlaze g++ compiler'
mb-g++ -Wall -O0 -g3 -c -fmessage-length=0 -MT"src/main.o" -I../../s7_bsp/microblaze_0/include -mlittle-endian -mcpu=v10.0 -mxl-soft-mul -Wl,--no-relax -ffunction-sections -fdata-sections -MMD -MP -MF"src/main.d" -MT"src/main.o" -o "src/main.o" "../src/main.cc"
'Finished building: ../src/main.cc'
' '
'Building target: s7.elf'
'Invoking: MicroBlaze g++ linker'
mb-g++ -Wl,-T -Wl,../src/lscript.ld -L../../s7_bsp/microblaze_0/lib -mlittle-endian -mcpu=v10.0 -mxl-soft-mul -Wl,--no-relax -Wl,--gc-sections -o "s7.elf"  ./src/main.o   -Wl,--start-group,-lxil,-lgcc,-lc,-lstdc++,--end-group
'Finished building target: s7.elf'
' '
'Invoking: MicroBlaze Print Size'
mb-size s7.elf  |tee "s7.elf.size"
   text	   data	    bss	    dec	    hex	filename
 103960	   1608	   4584	 110152	  1ae48	s7.elf
'Finished building: s7.elf.size'
' '
13:02:15 **** Incremental Build of configuration Debug for project s7 ****
make all 
'Building file: ../src/main.cc'
'Invoking: MicroBlaze g++ compiler'
mb-g++ -Wall -O0 -g3 -c -fmessage-length=0 -MT"src/main.o" -I../../s7_bsp/microblaze_0/include -mlittle-endian -mcpu=v10.0 -mxl-soft-mul -Wl,--no-relax -ffunction-sections -fdata-sections -MMD -MP -MF"src/main.d" -MT"src/main.o" -o "src/main.o" "../src/main.cc"
'Finished building: ../src/main.cc'
' '
'Building target: s7.elf'
'Invoking: MicroBlaze g++ linker'
mb-g++ -Wl,-T -Wl,../src/lscript.ld -L../../s7_bsp/microblaze_0/lib -mlittle-endian -mcpu=v10.0 -mxl-soft-mul -Wl,--no-relax -Wl,--gc-sections -o "s7.elf"  ./src/main.o   -Wl,--start-group,-lxil,-lgcc,-lc,-lstdc++,--end-group
'Finished building target: s7.elf'
' '
'Invoking: MicroBlaze Print Size'
mb-size s7.elf  |tee "s7.elf.size"
   text	   data	    bss	    dec	    hex	filename
 103960	   1608	   4584	 110152	  1ae48	s7.elf
'Finished building: s7.elf.size'
' '
13:09:39 **** Incremental Build of configuration Debug for project s7 ****
make all 
'Building file: ../src/main.cc'
'Invoking: MicroBlaze g++ compiler'
mb-g++ -Wall -O0 -g3 -c -fmessage-length=0 -MT"src/main.o" -I../../s7_bsp/microblaze_0/include -mlittle-endian -mcpu=v10.0 -mxl-soft-mul -Wl,--no-relax -ffunction-sections -fdata-sections -MMD -MP -MF"src/main.d" -MT"src/main.o" -o "src/main.o" "../src/main.cc"
../src/main.cc: In function 'void loop()':
../src/main.cc:110:21: error: 'EraseImageBox' was not declared in this scope
       EraseImageBox();
                     ^
make: *** [src/main.o] Error 1
13:17:21 **** Incremental Build of configuration Debug for project s7 ****
make all 
'Building file: ../src/main.cc'
'Invoking: MicroBlaze g++ compiler'
mb-g++ -Wall -O0 -g3 -c -fmessage-length=0 -MT"src/main.o" -I../../s7_bsp/microblaze_0/include -mlittle-endian -mcpu=v10.0 -mxl-soft-mul -Wl,--no-relax -ffunction-sections -fdata-sections -MMD -MP -MF"src/main.d" -MT"src/main.o" -o "src/main.o" "../src/main.cc"
'Finished building: ../src/main.cc'
' '
'Building target: s7.elf'
'Invoking: MicroBlaze g++ linker'
mb-g++ -Wl,-T -Wl,../src/lscript.ld -L../../s7_bsp/microblaze_0/lib -mlittle-endian -mcpu=v10.0 -mxl-soft-mul -Wl,--no-relax -Wl,--gc-sections -o "s7.elf"  ./src/main.o   -Wl,--start-group,-lxil,-lgcc,-lc,-lstdc++,--end-group
'Finished building target: s7.elf'
' '
'Invoking: MicroBlaze Print Size'
mb-size s7.elf  |tee "s7.elf.size"
   text	   data	    bss	    dec	    hex	filename
 111976	   1608	   4584	 118168	  1cd98	s7.elf
'Finished building: s7.elf.size'
' '
13:21:23 **** Incremental Build of configuration Debug for project s7 ****
make all 
make: Nothing to be done for `all'.
13:22:11 **** Incremental Build of configuration Debug for project s7 ****
make all 
'Building file: ../src/main.cc'
'Invoking: MicroBlaze g++ compiler'
mb-g++ -Wall -O0 -g3 -c -fmessage-length=0 -MT"src/main.o" -I../../s7_bsp/microblaze_0/include -mlittle-endian -mcpu=v10.0 -mxl-soft-mul -Wl,--no-relax -ffunction-sections -fdata-sections -MMD -MP -MF"src/main.d" -MT"src/main.o" -o "src/main.o" "../src/main.cc"
'Finished building: ../src/main.cc'
' '
'Building target: s7.elf'
'Invoking: MicroBlaze g++ linker'
mb-g++ -Wl,-T -Wl,../src/lscript.ld -L../../s7_bsp/microblaze_0/lib -mlittle-endian -mcpu=v10.0 -mxl-soft-mul -Wl,--no-relax -Wl,--gc-sections -o "s7.elf"  ./src/main.o   -Wl,--start-group,-lxil,-lgcc,-lc,-lstdc++,--end-group
'Finished building target: s7.elf'
' '
'Invoking: MicroBlaze Print Size'
mb-size s7.elf  |tee "s7.elf.size"
   text	   data	    bss	    dec	    hex	filename
 111596	   1608	   4588	 117792	  1cc20	s7.elf
'Finished building: s7.elf.size'
' '
13:35:00 **** Incremental Build of configuration Debug for project s7 ****
make all 
'Building file: ../src/main.cc'
'Invoking: MicroBlaze g++ compiler'
mb-g++ -Wall -O0 -g3 -c -fmessage-length=0 -MT"src/main.o" -I../../s7_bsp/microblaze_0/include -mlittle-endian -mcpu=v10.0 -mxl-soft-mul -Wl,--no-relax -ffunction-sections -fdata-sections -MMD -MP -MF"src/main.d" -MT"src/main.o" -o "src/main.o" "../src/main.cc"
'Finished building: ../src/main.cc'
' '
'Building target: s7.elf'
'Invoking: MicroBlaze g++ linker'
mb-g++ -Wl,-T -Wl,../src/lscript.ld -L../../s7_bsp/microblaze_0/lib -mlittle-endian -mcpu=v10.0 -mxl-soft-mul -Wl,--no-relax -Wl,--gc-sections -o "s7.elf"  ./src/main.o   -Wl,--start-group,-lxil,-lgcc,-lc,-lstdc++,--end-group
'Finished building target: s7.elf'
' '
'Invoking: MicroBlaze Print Size'
mb-size s7.elf  |tee "s7.elf.size"
   text	   data	    bss	    dec	    hex	filename
 111560	   1608	   4584	 117752	  1cbf8	s7.elf
'Finished building: s7.elf.size'
' '
13:36:05 **** Incremental Build of configuration Debug for project s7 ****
make all 
'Building file: ../src/main.cc'
'Invoking: MicroBlaze g++ compiler'
mb-g++ -Wall -O0 -g3 -c -fmessage-length=0 -MT"src/main.o" -I../../s7_bsp/microblaze_0/include -mlittle-endian -mcpu=v10.0 -mxl-soft-mul -Wl,--no-relax -ffunction-sections -fdata-sections -MMD -MP -MF"src/main.d" -MT"src/main.o" -o "src/main.o" "../src/main.cc"
'Finished building: ../src/main.cc'
' '
'Building target: s7.elf'
'Invoking: MicroBlaze g++ linker'
mb-g++ -Wl,-T -Wl,../src/lscript.ld -L../../s7_bsp/microblaze_0/lib -mlittle-endian -mcpu=v10.0 -mxl-soft-mul -Wl,--no-relax -Wl,--gc-sections -o "s7.elf"  ./src/main.o   -Wl,--start-group,-lxil,-lgcc,-lc,-lstdc++,--end-group
'Finished building target: s7.elf'
' '
'Invoking: MicroBlaze Print Size'
mb-size s7.elf  |tee "s7.elf.size"
   text	   data	    bss	    dec	    hex	filename
 111556	   1608	   4588	 117752	  1cbf8	s7.elf
'Finished building: s7.elf.size'
' '
13:38:45 **** Incremental Build of configuration Debug for project s7 ****
make all 
'Building file: ../src/main.cc'
'Invoking: MicroBlaze g++ compiler'
mb-g++ -Wall -O0 -g3 -c -fmessage-length=0 -MT"src/main.o" -I../../s7_bsp/microblaze_0/include -mlittle-endian -mcpu=v10.0 -mxl-soft-mul -Wl,--no-relax -ffunction-sections -fdata-sections -MMD -MP -MF"src/main.d" -MT"src/main.o" -o "src/main.o" "../src/main.cc"
'Finished building: ../src/main.cc'
' '
'Building target: s7.elf'
'Invoking: MicroBlaze g++ linker'
mb-g++ -Wl,-T -Wl,../src/lscript.ld -L../../s7_bsp/microblaze_0/lib -mlittle-endian -mcpu=v10.0 -mxl-soft-mul -Wl,--no-relax -Wl,--gc-sections -o "s7.elf"  ./src/main.o   -Wl,--start-group,-lxil,-lgcc,-lc,-lstdc++,--end-group
'Finished building target: s7.elf'
' '
'Invoking: MicroBlaze Print Size'
mb-size s7.elf  |tee "s7.elf.size"
   text	   data	    bss	    dec	    hex	filename
 111560	   1608	   4584	 117752	  1cbf8	s7.elf
'Finished building: s7.elf.size'
' '
14:04:53 **** Clean-only build of project s7_bsp ****
make -k clean 
make -C microblaze_0/libsrc/bram_v4_2/src -s clean 
make -C microblaze_0/libsrc/cpu_v2_6/src -s clean 
make -C microblaze_0/libsrc/intc_v3_7/src -s clean 
make -C microblaze_0/libsrc/PmodGPS_v1_1/src -s clean 
rm: cannot lstat `*.o': Invalid argument
make[1]: *** [clean] Error 1
make: *** [microblaze_0/libsrc/PmodGPS_v1_1/src/make.clean] Error 2
make -C microblaze_0/libsrc/PmodMTDS_v1_0/src -s clean 
rm: cannot lstat `*.o': Invalid argument
make[1]: *** [clean] Error 1
make: *** [microblaze_0/libsrc/PmodMTDS_v1_0/src/make.clean] Error 2
make -C microblaze_0/libsrc/standalone_v6_4/src -s clean 
make -C microblaze_0/libsrc/uartlite_v3_2/src -s clean 
make: Target `clean' not remade because of errors.
14:04:54 **** Clean-only build of configuration Debug for project s7 ****
make clean 
rm -rf  ./src/main.d  ./src/main.o  s7.elf.size  s7.elf
' '
14:05:14 **** Clean-only build of configuration Debug for project s7 ****
make clean 
rm -rf  ./src/main.d  ./src/main.o  s7.elf.size  s7.elf
' '
14:05:14 **** Clean-only build of project s7_bsp ****
make -k clean 
make -C microblaze_0/libsrc/bram_v4_2/src -s clean 
make -C microblaze_0/libsrc/cpu_v2_6/src -s clean 
make -C microblaze_0/libsrc/intc_v3_7/src -s clean 
make -C microblaze_0/libsrc/PmodGPS_v1_1/src -s clean 
rm: cannot lstat `*.o': Invalid argument
make[1]: *** [clean] Error 1
make: *** [microblaze_0/libsrc/PmodGPS_v1_1/src/make.clean] Error 2
make -C microblaze_0/libsrc/PmodMTDS_v1_0/src -s clean 
rm: cannot lstat `*.o': Invalid argument
make[1]: *** [clean] Error 1
make: *** [microblaze_0/libsrc/PmodMTDS_v1_0/src/make.clean] Error 2
make -C microblaze_0/libsrc/standalone_v6_4/src -s clean 
make -C microblaze_0/libsrc/uartlite_v3_2/src -s clean 
make: Target `clean' not remade because of errors.
14:08:28 **** Build of project s7_bsp ****
make -k all 
"Running Make include in microblaze_0/libsrc/bram_v4_2/src"
make -C microblaze_0/libsrc/bram_v4_2/src -s include  "SHELL=CMD" "COMPILER=mb-gcc" "ARCHIVER=mb-ar" "COMPILER_FLAGS= -O2 -c -mcpu=v10.0 -mlittle-endian -mxl-soft-mul" "EXTRA_COMPILER_FLAGS=-ffunction-sections -fdata-sections -Wall -Wextra"
"Running Make include in microblaze_0/libsrc/cpu_v2_6/src"
make -C microblaze_0/libsrc/cpu_v2_6/src -s include  "SHELL=CMD" "COMPILER=mb-gcc" "ARCHIVER=mb-ar" "COMPILER_FLAGS= -O2 -c -mcpu=v10.0 -mlittle-endian -mxl-soft-mul" "EXTRA_COMPILER_FLAGS=-ffunction-sections -fdata-sections -Wall -Wextra"
"Running Make include in microblaze_0/libsrc/intc_v3_7/src"
make -C microblaze_0/libsrc/intc_v3_7/src -s include  "SHELL=CMD" "COMPILER=mb-gcc" "ARCHIVER=mb-ar" "COMPILER_FLAGS= -O2 -c -mcpu=v10.0 -mlittle-endian -mxl-soft-mul" "EXTRA_COMPILER_FLAGS=-ffunction-sections -fdata-sections -Wall -Wextra"
"Running Make include in microblaze_0/libsrc/PmodGPS_v1_1/src"
make -C microblaze_0/libsrc/PmodGPS_v1_1/src -s include  "SHELL=CMD" "COMPILER=mb-gcc" "ARCHIVER=mb-ar" "COMPILER_FLAGS= -O2 -c -mcpu=v10.0 -mlittle-endian -mxl-soft-mul" "EXTRA_COMPILER_FLAGS=-ffunction-sections -fdata-sections -Wall -Wextra"
"Running Make include in microblaze_0/libsrc/PmodMTDS_v1_0/src"
make -C microblaze_0/libsrc/PmodMTDS_v1_0/src -s include  "SHELL=CMD" "COMPILER=mb-gcc" "ARCHIVER=mb-ar" "COMPILER_FLAGS= -O2 -c -mcpu=v10.0 -mlittle-endian -mxl-soft-mul" "EXTRA_COMPILER_FLAGS=-ffunction-sections -fdata-sections -Wall -Wextra"
"Running Make include in microblaze_0/libsrc/standalone_v6_4/src"
make -C microblaze_0/libsrc/standalone_v6_4/src -s include  "SHELL=CMD" "COMPILER=mb-gcc" "ARCHIVER=mb-ar" "COMPILER_FLAGS= -O2 -c -mcpu=v10.0 -mlittle-endian -mxl-soft-mul" "EXTRA_COMPILER_FLAGS=-ffunction-sections -fdata-sections -Wall -Wextra"
"Running Make include in microblaze_0/libsrc/uartlite_v3_2/src"
make -C microblaze_0/libsrc/uartlite_v3_2/src -s include  "SHELL=CMD" "COMPILER=mb-gcc" "ARCHIVER=mb-ar" "COMPILER_FLAGS= -O2 -c -mcpu=v10.0 -mlittle-endian -mxl-soft-mul" "EXTRA_COMPILER_FLAGS=-ffunction-sections -fdata-sections -Wall -Wextra"
"Running Make libs in microblaze_0/libsrc/bram_v4_2/src"
make -C microblaze_0/libsrc/bram_v4_2/src -s libs  "SHELL=CMD" "COMPILER=mb-gcc" "ARCHIVER=mb-ar" "COMPILER_FLAGS= -O2 -c -mcpu=v10.0 -mlittle-endian -mxl-soft-mul" "EXTRA_COMPILER_FLAGS=-ffunction-sections -fdata-sections -Wall -Wextra"
"Compiling bram"
mb-ar: creating ../../../lib/libxil.a
"Running Make libs in microblaze_0/libsrc/cpu_v2_6/src"
make -C microblaze_0/libsrc/cpu_v2_6/src -s libs  "SHELL=CMD" "COMPILER=mb-gcc" "ARCHIVER=mb-ar" "COMPILER_FLAGS= -O2 -c -mcpu=v10.0 -mlittle-endian -mxl-soft-mul" "EXTRA_COMPILER_FLAGS=-ffunction-sections -fdata-sections -Wall -Wextra"
"Compiling cpu"
"Running Make libs in microblaze_0/libsrc/intc_v3_7/src"
make -C microblaze_0/libsrc/intc_v3_7/src -s libs  "SHELL=CMD" "COMPILER=mb-gcc" "ARCHIVER=mb-ar" "COMPILER_FLAGS= -O2 -c -mcpu=v10.0 -mlittle-endian -mxl-soft-mul" "EXTRA_COMPILER_FLAGS=-ffunction-sections -fdata-sections -Wall -Wextra"
"Compiling intc"
"Running Make libs in microblaze_0/libsrc/PmodGPS_v1_1/src"
make -C microblaze_0/libsrc/PmodGPS_v1_1/src -s libs  "SHELL=CMD" "COMPILER=mb-gcc" "ARCHIVER=mb-ar" "COMPILER_FLAGS= -O2 -c -mcpu=v10.0 -mlittle-endian -mxl-soft-mul" "EXTRA_COMPILER_FLAGS=-ffunction-sections -fdata-sections -Wall -Wextra"
"Compiling PmodGPS..."
PmodGPS_selftest.c: In function 'PMODGPS_Reg_SelfTest':
PmodGPS_selftest.c:52:56: warning: comparison between signed and unsigned integer expressions [-Wsign-compare]
    if ( PMODGPS_mReadReg (baseaddr, read_loop_index*4) != (read_loop_index+1)*READ_WRITE_MUL_FACTOR){
                                                        ^~
PmodGPS_selftest.c:36:6: warning: unused variable 'Index' [-Wunused-variable]
  int Index;
      ^~~~~
"Running Make libs in microblaze_0/libsrc/PmodMTDS_v1_0/src"
make -C microblaze_0/libsrc/PmodMTDS_v1_0/src -s libs  "SHELL=CMD" "COMPILER=mb-gcc" "ARCHIVER=mb-ar" "COMPILER_FLAGS= -O2 -c -mcpu=v10.0 -mlittle-endian -mxl-soft-mul" "EXTRA_COMPILER_FLAGS=-ffunction-sections -fdata-sections -Wall -Wextra"
"Compiling PmodMTDS..."
PmodMTDS.c:28:1: warning: "/*" within comment [-Wcomment]
 /* for the PmodMTDS (insert name, duh).
  
PmodMTDS.c:29:1: warning: "/*" within comment [-Wcomment]
 /*                  */
  
PmodMTDS.c:34:1: warning: "/*" within comment [-Wcomment]
 /*                  */
  
MtdsCore.cpp: In function 'bool MtdsReadRhdr(uint8_t*)':
MtdsCore.cpp:332:15: warning: comparison between signed and unsigned integer expressions [-Wsign-compare]
  while (cbCur < sizeof(RHDR)) {
         ~~~~~~^~~~~~~~~
MtdsCore.cpp: In function 'bool MtdsReadDhdr(uint8_t*)':
MtdsCore.cpp:422:15: warning: comparison between signed and unsigned integer expressions [-Wsign-compare]
  while (cbCur < sizeof(DHDR)) {
         ~~~~~~^~~~~~~~~
MtdsFs.cpp: In member function 'bool MTFS::GetCurrentDir(int, char*)':
MtdsFs.cpp:200:30: warning: unused parameter 'cbMax' [-Wunused-parameter]
 bool MTFS::GetCurrentDir(int cbMax, char * szDir) {
                              ^~~~~
MtdsFs.cpp: In member function 'bool MTFS::SetVolumeLabel(char*)':
MtdsFs.cpp:244:34: warning: unused parameter 'szVol' [-Wunused-parameter]
 bool MTFS::SetVolumeLabel(char * szVol) {
                                  ^~~~~
MtdsFs.cpp: In member function 'bool MTFS::GetVolumeLabel(int, char*)':
MtdsFs.cpp:265:31: warning: unused parameter 'cbMax' [-Wunused-parameter]
 bool MTFS::GetVolumeLabel(int cbMax, char * szVol) {
                               ^~~~~
MtdsFs.cpp:265:45: warning: unused parameter 'szVol' [-Wunused-parameter]
 bool MTFS::GetVolumeLabel(int cbMax, char * szVol) {
                                             ^~~~~
MtdsHal.cpp: In function 'void MtdsHalInit(int)':
MtdsHal.cpp:110:22: warning: unused parameter 'pinSel' [-Wunused-parameter]
 void MtdsHalInit(int pinSel) {
                      ^~~~~~
MtdsHal.cpp: In function 'void MtdsHalEnableStatusPin(int)':
MtdsHal.cpp:147:33: warning: unused parameter 'idPin' [-Wunused-parameter]
 void MtdsHalEnableStatusPin(int idPin) {
                                 ^~~~~
MtdsHal.cpp: In function 'bool MtdsHalGetStatusPin(int)':
MtdsHal.cpp:169:30: warning: unused parameter 'idPin' [-Wunused-parameter]
 bool MtdsHalGetStatusPin(int idPin) {
                              ^~~~~
MtdsHal.cpp: In function 'bool MtdsHalResetDisplay(int)':
MtdsHal.cpp:197:30: warning: unused parameter 'pinSel' [-Wunused-parameter]
 bool MtdsHalResetDisplay(int pinSel) {
                              ^~~~~~
MtdsHal.cpp: In function 'void MtdsHalInitSpi(uint32_t, uint32_t)':
MtdsHal.cpp:221:30: warning: unused parameter 'pspiInit' [-Wunused-parameter]
 void MtdsHalInitSpi(uint32_t pspiInit, uint32_t frq) {
                              ^~~~~~~~
MtdsHal.cpp:221:49: warning: unused parameter 'frq' [-Wunused-parameter]
 void MtdsHalInitSpi(uint32_t pspiInit, uint32_t frq) {
                                                 ^~~
"Running Make libs in microblaze_0/libsrc/standalone_v6_4/src"
make -C microblaze_0/libsrc/standalone_v6_4/src -s libs  "SHELL=CMD" "COMPILER=mb-gcc" "ARCHIVER=mb-ar" "COMPILER_FLAGS= -O2 -c -mcpu=v10.0 -mlittle-endian -mxl-soft-mul" "EXTRA_COMPILER_FLAGS=-ffunction-sections -fdata-sections -Wall -Wextra"
"Compiling standalone";
"Running Make libs in microblaze_0/libsrc/uartlite_v3_2/src"
make -C microblaze_0/libsrc/uartlite_v3_2/src -s libs  "SHELL=CMD" "COMPILER=mb-gcc" "ARCHIVER=mb-ar" "COMPILER_FLAGS= -O2 -c -mcpu=v10.0 -mlittle-endian -mxl-soft-mul" "EXTRA_COMPILER_FLAGS=-ffunction-sections -fdata-sections -Wall -Wextra"
"Compiling uartlite"
'Finished building libraries'
14:09:43 **** Build of configuration Debug for project s7 ****
make all 
'Building file: ../src/main.cc'
'Invoking: MicroBlaze g++ compiler'
mb-g++ -Wall -O0 -g3 -c -fmessage-length=0 -MT"src/main.o" -I../../s7_bsp/microblaze_0/include -mlittle-endian -mcpu=v10.0 -mxl-soft-mul -Wl,--no-relax -ffunction-sections -fdata-sections -MMD -MP -MF"src/main.d" -MT"src/main.o" -o "src/main.o" "../src/main.cc"
'Finished building: ../src/main.cc'
' '
'Building target: s7.elf'
'Invoking: MicroBlaze g++ linker'
mb-g++ -Wl,-T -Wl,../src/lscript.ld -L../../s7_bsp/microblaze_0/lib -mlittle-endian -mcpu=v10.0 -mxl-soft-mul -Wl,--no-relax -Wl,--gc-sections -o "s7.elf"  ./src/main.o   -Wl,--start-group,-lxil,-lgcc,-lc,-lstdc++,--end-group
'Finished building target: s7.elf'
' '
'Invoking: MicroBlaze Print Size'
mb-size s7.elf  |tee "s7.elf.size"
   text	   data	    bss	    dec	    hex	filename
 111568	   1616	   4584	 117768	  1cc08	s7.elf
'Finished building: s7.elf.size'
' '
14:42:29 **** Incremental Build of configuration Debug for project s7 ****
make all 
'Building file: ../src/main.cc'
'Invoking: MicroBlaze g++ compiler'
mb-g++ -Wall -O0 -g3 -c -fmessage-length=0 -MT"src/main.o" -I../../s7_bsp/microblaze_0/include -mlittle-endian -mcpu=v10.0 -mxl-soft-mul -Wl,--no-relax -ffunction-sections -fdata-sections -MMD -MP -MF"src/main.d" -MT"src/main.o" -o "src/main.o" "../src/main.cc"
../src/main.cc:35:26: error: 'PmodGPS' was not declared in this scope
 int SetupInterruptSystem(PmodGPS *InstancePtr, u32 interruptDeviceID,u32 interruptID);
                          ^~~~~~~
../src/main.cc:35:35: error: 'InstancePtr' was not declared in this scope
 int SetupInterruptSystem(PmodGPS *InstancePtr, u32 interruptDeviceID,u32 interruptID);
                                   ^~~~~~~~~~~
../src/main.cc:35:52: error: expected primary-expression before 'interruptDeviceID'
 int SetupInterruptSystem(PmodGPS *InstancePtr, u32 interruptDeviceID,u32 interruptID);
                                                    ^~~~~~~~~~~~~~~~~
../src/main.cc:35:74: error: expected primary-expression before 'interruptID'
 int SetupInterruptSystem(PmodGPS *InstancePtr, u32 interruptDeviceID,u32 interruptID);
                                                                          ^~~~~~~~~~~
../src/main.cc:35:85: error: expression list treated as compound expression in initializer [-fpermissive]
 int SetupInterruptSystem(PmodGPS *InstancePtr, u32 interruptDeviceID,u32 interruptID);
                                                                                     ^
../src/main.cc:40:1: error: 'PmodGPS' does not name a type
 PmodGPS GPS;
 ^~~~~~~
../src/main.cc: In function 'int main()':
../src/main.cc:66:15: error: 'GPS' was not declared in this scope
    GPS_begin(&GPS, XPAR_PMODGPS_0_AXI_LITE_GPIO_BASEADDR, XPAR_PMODGPS_0_AXI_LITE_UART_BASEADDR, PERIPHERAL_CLK);
               ^~~
../src/main.cc:66:98: error: 'PERIPHERAL_CLK' was not declared in this scope
    GPS_begin(&GPS, XPAR_PMODGPS_0_AXI_LITE_GPIO_BASEADDR, XPAR_PMODGPS_0_AXI_LITE_UART_BASEADDR, PERIPHERAL_CLK);
                                                                                                  ^~~~~~~~~~~~~~
../src/main.cc:66:112: error: 'GPS_begin' was not declared in this scope
    GPS_begin(&GPS, XPAR_PMODGPS_0_AXI_LITE_GPIO_BASEADDR, XPAR_PMODGPS_0_AXI_LITE_UART_BASEADDR, PERIPHERAL_CLK);
                                                                                                                ^
../src/main.cc:67:81: error: 'SetupInterruptSystem' cannot be used as a function
    SetupInterruptSystem(&GPS, XPAR_INTC_0_DEVICE_ID,XPAR_INTC_0_PMODGPS_0_VEC_ID);
                                                                                 ^
../src/main.cc: At global scope:
../src/main.cc:169:26: error: redefinition of 'int SetupInterruptSystem'
 int SetupInterruptSystem(PmodGPS *InstancePtr, u32 interruptDeviceID,
                          ^~~~~~~
../src/main.cc:35:5: note: 'int SetupInterruptSystem' previously defined here
 int SetupInterruptSystem(PmodGPS *InstancePtr, u32 interruptDeviceID,u32 interruptID);
     ^~~~~~~~~~~~~~~~~~~~
../src/main.cc:169:26: error: 'PmodGPS' was not declared in this scope
 int SetupInterruptSystem(PmodGPS *InstancePtr, u32 interruptDeviceID,
                          ^~~~~~~
../src/main.cc:169:35: error: 'InstancePtr' was not declared in this scope
 int SetupInterruptSystem(PmodGPS *InstancePtr, u32 interruptDeviceID,
                                   ^~~~~~~~~~~
../src/main.cc:169:52: error: expected primary-expression before 'interruptDeviceID'
 int SetupInterruptSystem(PmodGPS *InstancePtr, u32 interruptDeviceID,
                                                    ^~~~~~~~~~~~~~~~~
../src/main.cc:170:11: error: expected primary-expression before 'interruptID'
       u32 interruptID) {
           ^~~~~~~~~~~
make: *** [src/main.o] Error 1
14:45:04 **** Incremental Build of configuration Debug for project s7 ****
make all 
'Building file: ../src/main.cc'
'Invoking: MicroBlaze g++ compiler'
mb-g++ -Wall -O0 -g3 -c -fmessage-length=0 -MT"src/main.o" -I../../s7_bsp/microblaze_0/include -mlittle-endian -mcpu=v10.0 -mxl-soft-mul -Wl,--no-relax -ffunction-sections -fdata-sections -MMD -MP -MF"src/main.d" -MT"src/main.o" -o "src/main.o" "../src/main.cc"
../src/main.cc: In function 'int main()':
../src/main.cc:67:98: error: 'PERIPHERAL_CLK' was not declared in this scope
    GPS_begin(&GPS, XPAR_PMODGPS_0_AXI_LITE_GPIO_BASEADDR, XPAR_PMODGPS_0_AXI_LITE_UART_BASEADDR, PERIPHERAL_CLK);
                                                                                                  ^~~~~~~~~~~~~~
../src/main.cc: In function 'int SetupInterruptSystem(PmodGPS*, u32, u32)':
../src/main.cc:194:49: error: invalid conversion from 'void*' to 'XUartNs550_Handler {aka void (*)(void*, long unsigned int, unsigned int)}' [-fpermissive]
    XUartNs550_SetHandler(&InstancePtr->GPSUart, (void*)GPS_intHandler,
                                                 ^~~~~~~~~~~~~~~~~~~~~
In file included from ../../s7_bsp/microblaze_0/include/PmodGPS.h:30:0,
                 from ../src/main.cc:27:
../../s7_bsp/microblaze_0/include/xuartns550.h:440:6: note:   initializing argument 2 of 'void XUartNs550_SetHandler(XUartNs550*, XUartNs550_Handler, void*)'
 void XUartNs550_SetHandler(XUartNs550 *InstancePtr, XUartNs550_Handler FuncPtr,
      ^~~~~~~~~~~~~~~~~~~~~
make: *** [src/main.o] Error 1
14:50:57 **** Incremental Build of configuration Debug for project s7 ****
make all 
'Building file: ../src/main.cc'
'Invoking: MicroBlaze g++ compiler'
mb-g++ -Wall -O0 -g3 -c -fmessage-length=0 -MT"src/main.o" -I../../s7_bsp/microblaze_0/include -mlittle-endian -mcpu=v10.0 -mxl-soft-mul -Wl,--no-relax -ffunction-sections -fdata-sections -MMD -MP -MF"src/main.d" -MT"src/main.o" -o "src/main.o" "../src/main.cc"
../src/main.cc: In function 'int SetupInterruptSystem(PmodGPS*, u32, u32)':
../src/main.cc:195:49: error: invalid conversion from 'void*' to 'XUartNs550_Handler {aka void (*)(void*, long unsigned int, unsigned int)}' [-fpermissive]
    XUartNs550_SetHandler(&InstancePtr->GPSUart, (void*)GPS_intHandler,
                                                 ^~~~~~~~~~~~~~~~~~~~~
In file included from ../../s7_bsp/microblaze_0/include/PmodGPS.h:30:0,
                 from ../src/main.cc:27:
../../s7_bsp/microblaze_0/include/xuartns550.h:440:6: note:   initializing argument 2 of 'void XUartNs550_SetHandler(XUartNs550*, XUartNs550_Handler, void*)'
 void XUartNs550_SetHandler(XUartNs550 *InstancePtr, XUartNs550_Handler FuncPtr,
      ^~~~~~~~~~~~~~~~~~~~~
make: *** [src/main.o] Error 1
14:54:48 **** Incremental Build of configuration Debug for project s7 ****
make all 
'Building file: ../src/main.cc'
'Invoking: MicroBlaze g++ compiler'
mb-g++ -Wall -O0 -g3 -c -fmessage-length=0 -MT"src/main.o" -I../../s7_bsp/microblaze_0/include -mlittle-endian -mcpu=v10.0 -mxl-soft-mul -Wl,--no-relax -ffunction-sections -fdata-sections -MMD -MP -MF"src/main.d" -MT"src/main.o" -o "src/main.o" "../src/main.cc"
../src/main.cc: In function 'int SetupInterruptSystem(PmodGPS*, u32, u32)':
../src/main.cc:196:21: error: invalid conversion from 'void (*)(PmodGPS*, u32, unsigned int) {aka void (*)(PmodGPS*, long unsigned int, unsigned int)}' to 'XUartNs550_Handler {aka void (*)(void*, long unsigned int, unsigned int)}' [-fpermissive]
          InstancePtr);
                     ^
In file included from ../../s7_bsp/microblaze_0/include/PmodGPS.h:30:0,
                 from ../src/main.cc:27:
../../s7_bsp/microblaze_0/include/xuartns550.h:440:6: note:   initializing argument 2 of 'void XUartNs550_SetHandler(XUartNs550*, XUartNs550_Handler, void*)'
 void XUartNs550_SetHandler(XUartNs550 *InstancePtr, XUartNs550_Handler FuncPtr,
      ^~~~~~~~~~~~~~~~~~~~~
make: *** [src/main.o] Error 1
14:56:13 **** Incremental Build of configuration Debug for project s7 ****
make all 
'Building file: ../src/main.cc'
'Invoking: MicroBlaze g++ compiler'
mb-g++ -Wall -O0 -g3 -c -fmessage-length=0 -MT"src/main.o" -I../../s7_bsp/microblaze_0/include -mlittle-endian -mcpu=v10.0 -mxl-soft-mul -Wl,--no-relax -ffunction-sections -fdata-sections -MMD -MP -MF"src/main.d" -MT"src/main.o" -o "src/main.o" "../src/main.cc"
../src/main.cc: In function 'int SetupInterruptSystem(PmodGPS*, u32, u32)':
../src/main.cc:195:49: error: invalid conversion from 'void*' to 'XUartNs550_Handler {aka void (*)(void*, long unsigned int, unsigned int)}' [-fpermissive]
    XUartNs550_SetHandler(&InstancePtr->GPSUart, (void*)GPS_intHandler,InstancePtr);
                                                 ^~~~~~~~~~~~~~~~~~~~~
In file included from ../../s7_bsp/microblaze_0/include/PmodGPS.h:30:0,
                 from ../src/main.cc:27:
../../s7_bsp/microblaze_0/include/xuartns550.h:440:6: note:   initializing argument 2 of 'void XUartNs550_SetHandler(XUartNs550*, XUartNs550_Handler, void*)'
 void XUartNs550_SetHandler(XUartNs550 *InstancePtr, XUartNs550_Handler FuncPtr,
      ^~~~~~~~~~~~~~~~~~~~~
make: *** [src/main.o] Error 1
15:17:49 **** Incremental Build of configuration Debug for project s7 ****
make all 
'Building file: ../src/main.cc'
'Invoking: MicroBlaze g++ compiler'
mb-g++ -Wall -O0 -g3 -c -fmessage-length=0 -MT"src/main.o" -I../../s7_bsp/microblaze_0/include -mlittle-endian -mcpu=v10.0 -mxl-soft-mul -Wl,--no-relax -ffunction-sections -fdata-sections -MMD -MP -MF"src/main.d" -MT"src/main.o" -o "src/main.o" "../src/main.cc"
../src/main.cc: In function 'int SetupInterruptSystem(PmodGPS*, u32, u32)':
../src/main.cc:196:49: error: invalid conversion from 'void (*)(void*)' to 'XUartNs550_Handler {aka void (*)(void*, long unsigned int, unsigned int)}' [-fpermissive]
    XUartNs550_SetHandler(&InstancePtr->GPSUart, (void (*)(void *))GPS_intHandler, InstancePtr);
                                                 ^~~~~~~~~~~~~~~~~~~~~~~~~~~~~~~~
In file included from ../../s7_bsp/microblaze_0/include/PmodGPS.h:30:0,
                 from ../src/main.cc:27:
../../s7_bsp/microblaze_0/include/xuartns550.h:440:6: note:   initializing argument 2 of 'void XUartNs550_SetHandler(XUartNs550*, XUartNs550_Handler, void*)'
 void XUartNs550_SetHandler(XUartNs550 *InstancePtr, XUartNs550_Handler FuncPtr,
      ^~~~~~~~~~~~~~~~~~~~~
make: *** [src/main.o] Error 1
15:18:08 **** Incremental Build of configuration Debug for project s7 ****
make all 
'Building file: ../src/main.cc'
'Invoking: MicroBlaze g++ compiler'
mb-g++ -Wall -O0 -g3 -c -fmessage-length=0 -MT"src/main.o" -I../../s7_bsp/microblaze_0/include -mlittle-endian -mcpu=v10.0 -mxl-soft-mul -Wl,--no-relax -ffunction-sections -fdata-sections -MMD -MP -MF"src/main.d" -MT"src/main.o" -o "src/main.o" "../src/main.cc"
../src/main.cc: In function 'int SetupInterruptSystem(PmodGPS*, u32, u32)':
../src/main.cc:196:49: error: invalid conversion from 'void*' to 'XUartNs550_Handler {aka void (*)(void*, long unsigned int, unsigned int)}' [-fpermissive]
    XUartNs550_SetHandler(&InstancePtr->GPSUart, (void *)GPS_intHandler, (void (*)(void *))InstancePtr);
                                                 ^~~~~~~~~~~~~~~~~~~~~~
In file included from ../../s7_bsp/microblaze_0/include/PmodGPS.h:30:0,
                 from ../src/main.cc:27:
../../s7_bsp/microblaze_0/include/xuartns550.h:440:6: note:   initializing argument 2 of 'void XUartNs550_SetHandler(XUartNs550*, XUartNs550_Handler, void*)'
 void XUartNs550_SetHandler(XUartNs550 *InstancePtr, XUartNs550_Handler FuncPtr,
      ^~~~~~~~~~~~~~~~~~~~~
../src/main.cc:196:73: error: invalid conversion from 'void (*)(void*)' to 'void*' [-fpermissive]
    XUartNs550_SetHandler(&InstancePtr->GPSUart, (void *)GPS_intHandler, (void (*)(void *))InstancePtr);
                                                                         ^~~~~~~~~~~~~~~~~~~~~~~~~~~~~
In file included from ../../s7_bsp/microblaze_0/include/PmodGPS.h:30:0,
                 from ../src/main.cc:27:
../../s7_bsp/microblaze_0/include/xuartns550.h:440:6: note:   initializing argument 3 of 'void XUartNs550_SetHandler(XUartNs550*, XUartNs550_Handler, void*)'
 void XUartNs550_SetHandler(XUartNs550 *InstancePtr, XUartNs550_Handler FuncPtr,
      ^~~~~~~~~~~~~~~~~~~~~
make: *** [src/main.o] Error 1
15:18:30 **** Incremental Build of configuration Debug for project s7 ****
make all 
'Building file: ../src/main.cc'
'Invoking: MicroBlaze g++ compiler'
mb-g++ -Wall -O0 -g3 -c -fmessage-length=0 -MT"src/main.o" -I../../s7_bsp/microblaze_0/include -mlittle-endian -mcpu=v10.0 -mxl-soft-mul -Wl,--no-relax -ffunction-sections -fdata-sections -MMD -MP -MF"src/main.d" -MT"src/main.o" -o "src/main.o" "../src/main.cc"
../src/main.cc: In function 'int SetupInterruptSystem(PmodGPS*, u32, u32)':
../src/main.cc:196:49: error: invalid conversion from 'void*' to 'XUartNs550_Handler {aka void (*)(void*, long unsigned int, unsigned int)}' [-fpermissive]
    XUartNs550_SetHandler(&InstancePtr->GPSUart, (void*)GPS_intHandler, InstancePtr);
                                                 ^~~~~~~~~~~~~~~~~~~~~
In file included from ../../s7_bsp/microblaze_0/include/PmodGPS.h:30:0,
                 from ../src/main.cc:27:
../../s7_bsp/microblaze_0/include/xuartns550.h:440:6: note:   initializing argument 2 of 'void XUartNs550_SetHandler(XUartNs550*, XUartNs550_Handler, void*)'
 void XUartNs550_SetHandler(XUartNs550 *InstancePtr, XUartNs550_Handler FuncPtr,
      ^~~~~~~~~~~~~~~~~~~~~
make: *** [src/main.o] Error 1
15:21:34 **** Incremental Build of configuration Debug for project s7 ****
make all 
'Building file: ../src/main.cc'
'Invoking: MicroBlaze g++ compiler'
mb-g++ -Wall -O0 -g3 -c -fmessage-length=0 -MT"src/main.o" -I../../s7_bsp/microblaze_0/include -mlittle-endian -mcpu=v10.0 -mxl-soft-mul -Wl,--no-relax -ffunction-sections -fdata-sections -MMD -MP -MF"src/main.d" -MT"src/main.o" -o "src/main.o" "../src/main.cc"
../src/main.cc: In function 'int SetupInterruptSystem(PmodGPS*, u32, u32)':
../src/main.cc:196:49: error: invalid conversion from 'void*' to 'XUartNs550_Handler {aka void (*)(void*, long unsigned int, unsigned int)}' [-fpermissive]
    XUartNs550_SetHandler(&InstancePtr->GPSUart, (void*)GPS_intHandler, InstancePtr);
                                                 ^~~~~~~~~~~~~~~~~~~~~
In file included from ../../s7_bsp/microblaze_0/include/PmodGPS.h:30:0,
                 from ../src/main.cc:27:
../../s7_bsp/microblaze_0/include/xuartns550.h:440:6: note:   initializing argument 2 of 'void XUartNs550_SetHandler(XUartNs550*, XUartNs550_Handler, void*)'
 void XUartNs550_SetHandler(XUartNs550 *InstancePtr, XUartNs550_Handler FuncPtr,
      ^~~~~~~~~~~~~~~~~~~~~
make: *** [src/main.o] Error 1
15:24:07 **** Incremental Build of configuration Debug for project s7 ****
make all 
'Building file: ../src/main.cc'
'Invoking: MicroBlaze g++ compiler'
mb-g++ -Wall -O0 -g3 -c -fmessage-length=0 -MT"src/main.o" -I../../s7_bsp/microblaze_0/include -mlittle-endian -mcpu=v10.0 -mxl-soft-mul -Wl,--no-relax -ffunction-sections -fdata-sections -MMD -MP -MF"src/main.d" -MT"src/main.o" -o "src/main.o" "../src/main.cc"
../src/main.cc: In function 'int SetupInterruptSystem(PmodGPS*, u32, u32)':
../src/main.cc:196:82: error: cannot convert 'XUartNs550' to 'XUartNs550*' for argument '1' to 'void XUartNs550_SetHandler(XUartNs550*, XUartNs550_Handler, void*)'
    XUartNs550_SetHandler(InstancePtr->GPSUart, (void*)GPS_intHandler, InstancePtr);
                                                                                  ^
make: *** [src/main.o] Error 1
15:24:19 **** Incremental Build of configuration Debug for project s7 ****
make all 
'Building file: ../src/main.cc'
'Invoking: MicroBlaze g++ compiler'
mb-g++ -Wall -O0 -g3 -c -fmessage-length=0 -MT"src/main.o" -I../../s7_bsp/microblaze_0/include -mlittle-endian -mcpu=v10.0 -mxl-soft-mul -Wl,--no-relax -ffunction-sections -fdata-sections -MMD -MP -MF"src/main.d" -MT"src/main.o" -o "src/main.o" "../src/main.cc"
../src/main.cc: In function 'int SetupInterruptSystem(PmodGPS*, u32, u32)':
../src/main.cc:196:49: error: invalid conversion from 'void*' to 'XUartNs550_Handler {aka void (*)(void*, long unsigned int, unsigned int)}' [-fpermissive]
    XUartNs550_SetHandler(&InstancePtr->GPSUart, (void *)GPS_intHandler, InstancePtr);
                                                 ^~~~~~~~~~~~~~~~~~~~~~
In file included from ../../s7_bsp/microblaze_0/include/PmodGPS.h:30:0,
                 from ../src/main.cc:27:
../../s7_bsp/microblaze_0/include/xuartns550.h:440:6: note:   initializing argument 2 of 'void XUartNs550_SetHandler(XUartNs550*, XUartNs550_Handler, void*)'
 void XUartNs550_SetHandler(XUartNs550 *InstancePtr, XUartNs550_Handler FuncPtr,
      ^~~~~~~~~~~~~~~~~~~~~
make: *** [src/main.o] Error 1
15:25:31 **** Incremental Build of configuration Debug for project s7 ****
make all 
'Building file: ../src/main.cc'
'Invoking: MicroBlaze g++ compiler'
mb-g++ -Wall -O0 -g3 -c -fmessage-length=0 -MT"src/main.o" -I../../s7_bsp/microblaze_0/include -mlittle-endian -mcpu=v10.0 -mxl-soft-mul -Wl,--no-relax -ffunction-sections -fdata-sections -MMD -MP -MF"src/main.d" -MT"src/main.o" -o "src/main.o" "../src/main.cc"
../src/main.cc: In function 'int SetupInterruptSystem(PmodGPS*, u32, u32)':
../src/main.cc:196:49: error: invalid conversion from 'void*' to 'XUartNs550_Handler {aka void (*)(void*, long unsigned int, unsigned int)}' [-fpermissive]
    XUartNs550_SetHandler(&InstancePtr->GPSUart, (void *)GPS_intHandler, &InstancePtr);
                                                 ^~~~~~~~~~~~~~~~~~~~~~
In file included from ../../s7_bsp/microblaze_0/include/PmodGPS.h:30:0,
                 from ../src/main.cc:27:
../../s7_bsp/microblaze_0/include/xuartns550.h:440:6: note:   initializing argument 2 of 'void XUartNs550_SetHandler(XUartNs550*, XUartNs550_Handler, void*)'
 void XUartNs550_SetHandler(XUartNs550 *InstancePtr, XUartNs550_Handler FuncPtr,
      ^~~~~~~~~~~~~~~~~~~~~
make: *** [src/main.o] Error 1
15:25:45 **** Incremental Build of configuration Debug for project s7 ****
make all 
'Building file: ../src/main.cc'
'Invoking: MicroBlaze g++ compiler'
mb-g++ -Wall -O0 -g3 -c -fmessage-length=0 -MT"src/main.o" -I../../s7_bsp/microblaze_0/include -mlittle-endian -mcpu=v10.0 -mxl-soft-mul -Wl,--no-relax -ffunction-sections -fdata-sections -MMD -MP -MF"src/main.d" -MT"src/main.o" -o "src/main.o" "../src/main.cc"
../src/main.cc: In function 'int SetupInterruptSystem(PmodGPS*, u32, u32)':
../src/main.cc:196:77: error: invalid conversion from 'void (*)(PmodGPS*, u32, unsigned int) {aka void (*)(PmodGPS*, long unsigned int, unsigned int)}' to 'XUartNs550_Handler {aka void (*)(void*, long unsigned int, unsigned int)}' [-fpermissive]
    XUartNs550_SetHandler(&InstancePtr->GPSUart, GPS_intHandler, &InstancePtr);
                                                                             ^
In file included from ../../s7_bsp/microblaze_0/include/PmodGPS.h:30:0,
                 from ../src/main.cc:27:
../../s7_bsp/microblaze_0/include/xuartns550.h:440:6: note:   initializing argument 2 of 'void XUartNs550_SetHandler(XUartNs550*, XUartNs550_Handler, void*)'
 void XUartNs550_SetHandler(XUartNs550 *InstancePtr, XUartNs550_Handler FuncPtr,
      ^~~~~~~~~~~~~~~~~~~~~
make: *** [src/main.o] Error 1
15:26:09 **** Incremental Build of configuration Debug for project s7 ****
make all 
'Building file: ../src/main.cc'
'Invoking: MicroBlaze g++ compiler'
mb-g++ -Wall -O0 -g3 -c -fmessage-length=0 -MT"src/main.o" -I../../s7_bsp/microblaze_0/include -mlittle-endian -mcpu=v10.0 -mxl-soft-mul -Wl,--no-relax -ffunction-sections -fdata-sections -MMD -MP -MF"src/main.d" -MT"src/main.o" -o "src/main.o" "../src/main.cc"
../src/main.cc: In function 'int SetupInterruptSystem(PmodGPS*, u32, u32)':
../src/main.cc:196:49: error: invalid conversion from 'void*' to 'XUartNs550_Handler {aka void (*)(void*, long unsigned int, unsigned int)}' [-fpermissive]
    XUartNs550_SetHandler(&InstancePtr->GPSUart, (void*) GPS_intHandler, &InstancePtr);
                                                 ^~~~~~~~~~~~~~~~~~~~~~
In file included from ../../s7_bsp/microblaze_0/include/PmodGPS.h:30:0,
                 from ../src/main.cc:27:
../../s7_bsp/microblaze_0/include/xuartns550.h:440:6: note:   initializing argument 2 of 'void XUartNs550_SetHandler(XUartNs550*, XUartNs550_Handler, void*)'
 void XUartNs550_SetHandler(XUartNs550 *InstancePtr, XUartNs550_Handler FuncPtr,
      ^~~~~~~~~~~~~~~~~~~~~
make: *** [src/main.o] Error 1
15:26:31 **** Incremental Build of configuration Debug for project s7 ****
make all 
'Building file: ../src/main.cc'
'Invoking: MicroBlaze g++ compiler'
mb-g++ -Wall -O0 -g3 -c -fmessage-length=0 -MT"src/main.o" -I../../s7_bsp/microblaze_0/include -mlittle-endian -mcpu=v10.0 -mxl-soft-mul -Wl,--no-relax -ffunction-sections -fdata-sections -MMD -MP -MF"src/main.d" -MT"src/main.o" -o "src/main.o" "../src/main.cc"
../src/main.cc: In function 'int SetupInterruptSystem(PmodGPS*, u32, u32)':
../src/main.cc:196:78: error: invalid conversion from 'void (*)(PmodGPS*, u32, unsigned int) {aka void (*)(PmodGPS*, long unsigned int, unsigned int)}' to 'XUartNs550_Handler {aka void (*)(void*, long unsigned int, unsigned int)}' [-fpermissive]
    XUartNs550_SetHandler(&InstancePtr->GPSUart,  GPS_intHandler, &InstancePtr);
                                                                              ^
In file included from ../../s7_bsp/microblaze_0/include/PmodGPS.h:30:0,
                 from ../src/main.cc:27:
../../s7_bsp/microblaze_0/include/xuartns550.h:440:6: note:   initializing argument 2 of 'void XUartNs550_SetHandler(XUartNs550*, XUartNs550_Handler, void*)'
 void XUartNs550_SetHandler(XUartNs550 *InstancePtr, XUartNs550_Handler FuncPtr,
      ^~~~~~~~~~~~~~~~~~~~~
make: *** [src/main.o] Error 1
15:26:50 **** Incremental Build of configuration Debug for project s7 ****
make all 
'Building file: ../src/main.cc'
'Invoking: MicroBlaze g++ compiler'
mb-g++ -Wall -O0 -g3 -c -fmessage-length=0 -MT"src/main.o" -I../../s7_bsp/microblaze_0/include -mlittle-endian -mcpu=v10.0 -mxl-soft-mul -Wl,--no-relax -ffunction-sections -fdata-sections -MMD -MP -MF"src/main.d" -MT"src/main.o" -o "src/main.o" "../src/main.cc"
../src/main.cc: In function 'int SetupInterruptSystem(PmodGPS*, u32, u32)':
../src/main.cc:196:49: error: invalid conversion from 'void (*)(PmodGPS*, u32, unsigned int) {aka void (*)(PmodGPS*, long unsigned int, unsigned int)}' to 'XUartNs550_Handler {aka void (*)(void*, long unsigned int, unsigned int)}' [-fpermissive]
    XUartNs550_SetHandler(&InstancePtr->GPSUart, &GPS_intHandler, InstancePtr);
                                                 ^~~~~~~~~~~~~~~
In file included from ../../s7_bsp/microblaze_0/include/PmodGPS.h:30:0,
                 from ../src/main.cc:27:
../../s7_bsp/microblaze_0/include/xuartns550.h:440:6: note:   initializing argument 2 of 'void XUartNs550_SetHandler(XUartNs550*, XUartNs550_Handler, void*)'
 void XUartNs550_SetHandler(XUartNs550 *InstancePtr, XUartNs550_Handler FuncPtr,
      ^~~~~~~~~~~~~~~~~~~~~
make: *** [src/main.o] Error 1
15:28:03 **** Incremental Build of configuration Debug for project s7 ****
make all 
'Building file: ../src/main.cc'
'Invoking: MicroBlaze g++ compiler'
mb-g++ -Wall -O0 -g3 -c -fmessage-length=0 -MT"src/main.o" -I../../s7_bsp/microblaze_0/include -mlittle-endian -mcpu=v10.0 -mxl-soft-mul -Wl,--no-relax -ffunction-sections -fdata-sections -MMD -MP -MF"src/main.d" -MT"src/main.o" -o "src/main.o" "../src/main.cc"
../src/main.cc: In function 'int SetupInterruptSystem(PmodGPS*, u32, u32)':
../src/main.cc:196:84: error: invalid use of void expression
    XUartNs550_SetHandler(&InstancePtr->GPSUart, (void) *GPS_intHandler, InstancePtr);
                                                                                    ^
make: *** [src/main.o] Error 1
15:28:21 **** Incremental Build of configuration Debug for project s7 ****
make all 
'Building file: ../src/main.cc'
'Invoking: MicroBlaze g++ compiler'
mb-g++ -Wall -O0 -g3 -c -fmessage-length=0 -MT"src/main.o" -I../../s7_bsp/microblaze_0/include -mlittle-endian -mcpu=v10.0 -mxl-soft-mul -Wl,--no-relax -ffunction-sections -fdata-sections -MMD -MP -MF"src/main.d" -MT"src/main.o" -o "src/main.o" "../src/main.cc"
../src/main.cc: In function 'int SetupInterruptSystem(PmodGPS*, u32, u32)':
../src/main.cc:196:49: error: expected primary-expression before 'void'
    XUartNs550_SetHandler(&InstancePtr->GPSUart, void *GPS_intHandler, InstancePtr);
                                                 ^~~~
make: *** [src/main.o] Error 1
15:28:29 **** Incremental Build of configuration Debug for project s7 ****
make all 
'Building file: ../src/main.cc'
'Invoking: MicroBlaze g++ compiler'
mb-g++ -Wall -O0 -g3 -c -fmessage-length=0 -MT"src/main.o" -I../../s7_bsp/microblaze_0/include -mlittle-endian -mcpu=v10.0 -mxl-soft-mul -Wl,--no-relax -ffunction-sections -fdata-sections -MMD -MP -MF"src/main.d" -MT"src/main.o" -o "src/main.o" "../src/main.cc"
../src/main.cc: In function 'int SetupInterruptSystem(PmodGPS*, u32, u32)':
../src/main.cc:196:77: error: invalid conversion from 'void (*)(PmodGPS*, u32, unsigned int) {aka void (*)(PmodGPS*, long unsigned int, unsigned int)}' to 'XUartNs550_Handler {aka void (*)(void*, long unsigned int, unsigned int)}' [-fpermissive]
    XUartNs550_SetHandler(&InstancePtr->GPSUart, *GPS_intHandler, InstancePtr);
                                                                             ^
In file included from ../../s7_bsp/microblaze_0/include/PmodGPS.h:30:0,
                 from ../src/main.cc:27:
../../s7_bsp/microblaze_0/include/xuartns550.h:440:6: note:   initializing argument 2 of 'void XUartNs550_SetHandler(XUartNs550*, XUartNs550_Handler, void*)'
 void XUartNs550_SetHandler(XUartNs550 *InstancePtr, XUartNs550_Handler FuncPtr,
      ^~~~~~~~~~~~~~~~~~~~~
make: *** [src/main.o] Error 1
15:31:55 **** Incremental Build of configuration Debug for project s7 ****
make all 
'Building file: ../src/main.cc'
'Invoking: MicroBlaze g++ compiler'
mb-g++ -Wall -O0 -g3 -c -fmessage-length=0 -MT"src/main.o" -I../../s7_bsp/microblaze_0/include -mlittle-endian -mcpu=v10.0 -mxl-soft-mul -Wl,--no-relax -ffunction-sections -fdata-sections -MMD -MP -MF"src/main.d" -MT"src/main.o" -o "src/main.o" "../src/main.cc"
../src/main.cc: In function 'int SetupInterruptSystem(PmodGPS*, u32, u32)':
../src/main.cc:196:49: error: invalid conversion from 'void*' to 'XUartNs550_Handler {aka void (*)(void*, long unsigned int, unsigned int)}' [-fpermissive]
    XUartNs550_SetHandler(&InstancePtr->GPSUart, (void*)GPS_intHandler,
                                                 ^~~~~~~~~~~~~~~~~~~~~
In file included from ../../s7_bsp/microblaze_0/include/PmodGPS.h:30:0,
                 from ../src/main.cc:27:
../../s7_bsp/microblaze_0/include/xuartns550.h:440:6: note:   initializing argument 2 of 'void XUartNs550_SetHandler(XUartNs550*, XUartNs550_Handler, void*)'
 void XUartNs550_SetHandler(XUartNs550 *InstancePtr, XUartNs550_Handler FuncPtr,
      ^~~~~~~~~~~~~~~~~~~~~
make: *** [src/main.o] Error 1
15:34:48 **** Incremental Build of configuration Debug for project s7 ****
make all 
'Building file: ../src/main.cc'
'Invoking: MicroBlaze g++ compiler'
mb-g++ -Wall -O0 -g3 -c -fmessage-length=0 -MT"src/main.o" -I../../s7_bsp/microblaze_0/include -mlittle-endian -mcpu=v10.0 -mxl-soft-mul -Wl,--no-relax -ffunction-sections -fdata-sections -MMD -MP -MF"src/main.d" -MT"src/main.o" -o "src/main.o" "../src/main.cc"
'Finished building: ../src/main.cc'
' '
'Building target: s7.elf'
'Invoking: MicroBlaze g++ linker'
mb-g++ -Wl,-T -Wl,../src/lscript.ld -L../../s7_bsp/microblaze_0/lib -mlittle-endian -mcpu=v10.0 -mxl-soft-mul -Wl,--no-relax -Wl,--gc-sections -o "s7.elf"  ./src/main.o   -Wl,--start-group,-lxil,-lgcc,-lc,-lstdc++,--end-group
./src/main.o: In function `main':
C:\hdl_projects\arty_s7\arty_s7.sdk\s7\Debug/../src/main.cc:100: undefined reference to `GPS_begin(PmodGPS*, unsigned long, unsigned long, unsigned long)'
C:\hdl_projects\arty_s7\arty_s7.sdk\s7\Debug/../src/main.cc:100: undefined reference to `GPS_setUpdateRate(PmodGPS*, int)'
./src/main.o: In function `SetupInterruptSystem(PmodGPS*, unsigned long, unsigned long)':
C:\hdl_projects\arty_s7\arty_s7.sdk\s7\Debug/../src/main.cc:197: undefined reference to `GPS_intHandler(PmodGPS*, unsigned long, unsigned int)'
collect2.exe: error: ld returned 1 exit status
make: *** [s7.elf] Error 1
15:40:16 **** Incremental Build of configuration Debug for project s7 ****
make all 
'Building file: ../src/main.cc'
'Invoking: MicroBlaze g++ compiler'
mb-g++ -Wall -O0 -g3 -c -fmessage-length=0 -MT"src/main.o" -I../../s7_bsp/microblaze_0/include -mlittle-endian -mcpu=v10.0 -mxl-soft-mul -Wl,--no-relax -ffunction-sections -fdata-sections -MMD -MP -MF"src/main.d" -MT"src/main.o" -o "src/main.o" "../src/main.cc"
../src/main.cc: In function 'int SetupInterruptSystem(PmodGPS*, u32, u32)':
../src/main.cc:196:49: error: invalid conversion from 'void*' to 'XUartNs550_Handler {aka void (*)(void*, long unsigned int, unsigned int)}' [-fpermissive]
    XUartNs550_SetHandler(&InstancePtr->GPSUart, (void*)GPS_intHandler,InstancePtr);
                                                 ^~~~~~~~~~~~~~~~~~~~~
In file included from ../../s7_bsp/microblaze_0/include/PmodGPS.h:30:0,
                 from ../src/main.cc:27:
../../s7_bsp/microblaze_0/include/xuartns550.h:440:6: note:   initializing argument 2 of 'void XUartNs550_SetHandler(XUartNs550*, XUartNs550_Handler, void*)'
 void XUartNs550_SetHandler(XUartNs550 *InstancePtr, XUartNs550_Handler FuncPtr,
      ^~~~~~~~~~~~~~~~~~~~~
make: *** [src/main.o] Error 1
15:48:39 **** Incremental Build of configuration Debug for project s7 ****
make all 
'Building file: ../src/main.cc'
'Invoking: MicroBlaze g++ compiler'
mb-g++ -Wall -O0 -g3 -c -fmessage-length=0 -MT"src/main.o" -I../../s7_bsp/microblaze_0/include -mlittle-endian -mcpu=v10.0 -mxl-soft-mul -Wl,--no-relax -ffunction-sections -fdata-sections -MMD -MP -MF"src/main.d" -MT"src/main.o" -o "src/main.o" "../src/main.cc"
../src/main.cc: In function 'int SetupInterruptSystem(PmodGPS*, u32, u32)':
../src/main.cc:196:75: error: invalid conversion from 'void (*)(PmodGPS*, u32, unsigned int) {aka void (*)(PmodGPS*, long unsigned int, unsigned int)}' to 'XUartNs550_Handler {aka void (*)(void*, long unsigned int, unsigned int)}' [-fpermissive]
    XUartNs550_SetHandler(&InstancePtr->GPSUart, GPS_intHandler,InstancePtr);
                                                                           ^
In file included from ../../s7_bsp/microblaze_0/include/PmodGPS.h:30:0,
                 from ../src/main.cc:27:
../../s7_bsp/microblaze_0/include/xuartns550.h:440:6: note:   initializing argument 2 of 'void XUartNs550_SetHandler(XUartNs550*, XUartNs550_Handler, void*)'
 void XUartNs550_SetHandler(XUartNs550 *InstancePtr, XUartNs550_Handler FuncPtr,
      ^~~~~~~~~~~~~~~~~~~~~
make: *** [src/main.o] Error 1
15:48:53 **** Incremental Build of configuration Debug for project s7 ****
make all 
'Building file: ../src/main.cc'
'Invoking: MicroBlaze g++ compiler'
mb-g++ -Wall -O0 -g3 -c -fmessage-length=0 -MT"src/main.o" -I../../s7_bsp/microblaze_0/include -mlittle-endian -mcpu=v10.0 -mxl-soft-mul -Wl,--no-relax -ffunction-sections -fdata-sections -MMD -MP -MF"src/main.d" -MT"src/main.o" -o "src/main.o" "../src/main.cc"
../src/main.cc: In function 'int SetupInterruptSystem(PmodGPS*, u32, u32)':
../src/main.cc:196:64: error: 'null' was not declared in this scope
    XUartNs550_SetHandler(&InstancePtr->GPSUart, GPS_intHandler,null);
                                                                ^~~~
make: *** [src/main.o] Error 1
15:49:11 **** Incremental Build of configuration Debug for project s7 ****
make all 
'Building file: ../src/main.cc'
'Invoking: MicroBlaze g++ compiler'
mb-g++ -Wall -O0 -g3 -c -fmessage-length=0 -MT"src/main.o" -I../../s7_bsp/microblaze_0/include -mlittle-endian -mcpu=v10.0 -mxl-soft-mul -Wl,--no-relax -ffunction-sections -fdata-sections -MMD -MP -MF"src/main.d" -MT"src/main.o" -o "src/main.o" "../src/main.cc"
../src/main.cc: In function 'int SetupInterruptSystem(PmodGPS*, u32, u32)':
../src/main.cc:196:75: error: invalid conversion from 'void (*)(PmodGPS*, u32, unsigned int) {aka void (*)(PmodGPS*, long unsigned int, unsigned int)}' to 'XUartNs550_Handler {aka void (*)(void*, long unsigned int, unsigned int)}' [-fpermissive]
    XUartNs550_SetHandler(&InstancePtr->GPSUart, GPS_intHandler,InstancePtr);
                                                                           ^
In file included from ../../s7_bsp/microblaze_0/include/PmodGPS.h:30:0,
                 from ../src/main.cc:27:
../../s7_bsp/microblaze_0/include/xuartns550.h:440:6: note:   initializing argument 2 of 'void XUartNs550_SetHandler(XUartNs550*, XUartNs550_Handler, void*)'
 void XUartNs550_SetHandler(XUartNs550 *InstancePtr, XUartNs550_Handler FuncPtr,
      ^~~~~~~~~~~~~~~~~~~~~
make: *** [src/main.o] Error 1
15:51:48 **** Incremental Build of configuration Debug for project s7 ****
make all 
'Building file: ../src/main.cc'
'Invoking: MicroBlaze g++ compiler'
mb-g++ -Wall -O0 -g3 -c -fmessage-length=0 -MT"src/main.o" -I../../s7_bsp/microblaze_0/include -mlittle-endian -mcpu=v10.0 -mxl-soft-mul -Wl,--no-relax -ffunction-sections -fdata-sections -MMD -MP -MF"src/main.d" -MT"src/main.o" -o "src/main.o" "../src/main.cc"
../src/main.cc: In function 'int SetupInterruptSystem(PmodGPS*, u32, u32)':
../src/main.cc:196:76: error: invalid conversion from 'void (*)(PmodGPS*, u32, unsigned int) {aka void (*)(PmodGPS*, long unsigned int, unsigned int)}' to 'XUartNs550_Handler {aka void (*)(void*, long unsigned int, unsigned int)}' [-fpermissive]
    XUartNs550_SetHandler(&InstancePtr->GPSUart, GPS_intHandler,&InstancePtr);
                                                                            ^
In file included from ../../s7_bsp/microblaze_0/include/PmodGPS.h:30:0,
                 from ../src/main.cc:27:
../../s7_bsp/microblaze_0/include/xuartns550.h:440:6: note:   initializing argument 2 of 'void XUartNs550_SetHandler(XUartNs550*, XUartNs550_Handler, void*)'
 void XUartNs550_SetHandler(XUartNs550 *InstancePtr, XUartNs550_Handler FuncPtr,
      ^~~~~~~~~~~~~~~~~~~~~
make: *** [src/main.o] Error 1
15:53:41 **** Incremental Build of configuration Debug for project s7 ****
make all 
'Building file: ../src/main.cc'
'Invoking: MicroBlaze g++ compiler'
mb-g++ -Wall -O0 -g3 -c -fmessage-length=0 -MT"src/main.o" -I../../s7_bsp/microblaze_0/include -mlittle-endian -mcpu=v10.0 -mxl-soft-mul -Wl,--no-relax -ffunction-sections -fdata-sections -MMD -MP -MF"src/main.d" -MT"src/main.o" -o "src/main.o" "../src/main.cc"
../src/main.cc: In function 'int SetupInterruptSystem(PmodGPS*, u32, u32)':
../src/main.cc:209:76: error: invalid conversion from 'void (*)(PmodGPS*, u32, unsigned int) {aka void (*)(PmodGPS*, long unsigned int, unsigned int)}' to 'XUartNs550_Handler {aka void (*)(void*, long unsigned int, unsigned int)}' [-fpermissive]
    XUartNs550_SetHandler(&InstancePtr->GPSUart, GPS_intHandler,&InstancePtr);
                                                                            ^
In file included from ../../s7_bsp/microblaze_0/include/PmodGPS.h:30:0,
                 from ../src/main.cc:27:
../../s7_bsp/microblaze_0/include/xuartns550.h:440:6: note:   initializing argument 2 of 'void XUartNs550_SetHandler(XUartNs550*, XUartNs550_Handler, void*)'
 void XUartNs550_SetHandler(XUartNs550 *InstancePtr, XUartNs550_Handler FuncPtr,
      ^~~~~~~~~~~~~~~~~~~~~
make: *** [src/main.o] Error 1
15:54:08 **** Incremental Build of configuration Debug for project s7 ****
make all 
'Building file: ../src/main.cc'
'Invoking: MicroBlaze g++ compiler'
mb-g++ -Wall -O0 -g3 -c -fmessage-length=0 -MT"src/main.o" -I../../s7_bsp/microblaze_0/include -mlittle-endian -mcpu=v10.0 -mxl-soft-mul -Wl,--no-relax -ffunction-sections -fdata-sections -MMD -MP -MF"src/main.d" -MT"src/main.o" -o "src/main.o" "../src/main.cc"
'Finished building: ../src/main.cc'
' '
'Building target: s7.elf'
'Invoking: MicroBlaze g++ linker'
mb-g++ -Wl,-T -Wl,../src/lscript.ld -L../../s7_bsp/microblaze_0/lib -mlittle-endian -mcpu=v10.0 -mxl-soft-mul -Wl,--no-relax -Wl,--gc-sections -o "s7.elf"  ./src/main.o   -Wl,--start-group,-lxil,-lgcc,-lc,-lstdc++,--end-group
./src/main.o: In function `main':
C:\hdl_projects\arty_s7\arty_s7.sdk\s7\Debug/../src/main.cc:100: undefined reference to `GPS_begin(PmodGPS*, unsigned long, unsigned long, unsigned long)'
C:\hdl_projects\arty_s7\arty_s7.sdk\s7\Debug/../src/main.cc:100: undefined reference to `GPS_setUpdateRate(PmodGPS*, int)'
./src/main.o: In function `loop()':
C:\hdl_projects\arty_s7\arty_s7.sdk\s7\Debug/../src/main.cc:111: undefined reference to `GPS_formatSentence(PmodGPS*)'
C:\hdl_projects\arty_s7\arty_s7.sdk\s7\Debug/../src/main.cc:112: undefined reference to `GPS_isFixed(PmodGPS*)'
C:\hdl_projects\arty_s7\arty_s7.sdk\s7\Debug/../src/main.cc:113: undefined reference to `GPS_getLatitude(PmodGPS*)'
C:\hdl_projects\arty_s7\arty_s7.sdk\s7\Debug/../src/main.cc:114: undefined reference to `GPS_getLongitude(PmodGPS*)'
C:\hdl_projects\arty_s7\arty_s7.sdk\s7\Debug/../src/main.cc:115: undefined reference to `GPS_getAltitudeString(PmodGPS*)'
C:\hdl_projects\arty_s7\arty_s7.sdk\s7\Debug/../src/main.cc:116: undefined reference to `GPS_getNumSats(PmodGPS*)'
C:\hdl_projects\arty_s7\arty_s7.sdk\s7\Debug/../src/main.cc:118: undefined reference to `GPS_getNumSats(PmodGPS*)'
collect2.exe: error: ld returned 1 exit status
make: *** [s7.elf] Error 1
15:55:56 **** Incremental Build of configuration Debug for project s7 ****
make all 
'Building file: ../src/main.cc'
'Invoking: MicroBlaze g++ compiler'
mb-g++ -Wall -O0 -g3 -c -fmessage-length=0 -MT"src/main.o" -I../../s7_bsp/microblaze_0/include -mlittle-endian -mcpu=v10.0 -mxl-soft-mul -Wl,--no-relax -ffunction-sections -fdata-sections -MMD -MP -MF"src/main.d" -MT"src/main.o" -o "src/main.o" "../src/main.cc"
'Finished building: ../src/main.cc'
' '
'Building target: s7.elf'
'Invoking: MicroBlaze g++ linker'
mb-g++ -Wl,-T -Wl,../src/lscript.ld -L../../s7_bsp/microblaze_0/lib -mlittle-endian -mcpu=v10.0 -mxl-soft-mul -Wl,--no-relax -Wl,--gc-sections -o "s7.elf"  ./src/main.o   -Wl,--start-group,-lxil,-lgcc,-lc,-lstdc++,--end-group
./src/main.o: In function `main':
C:\hdl_projects\arty_s7\arty_s7.sdk\s7\Debug/../src/main.cc:100: undefined reference to `GPS_begin(PmodGPS*, unsigned long, unsigned long, unsigned long)'
C:\hdl_projects\arty_s7\arty_s7.sdk\s7\Debug/../src/main.cc:100: undefined reference to `GPS_setUpdateRate(PmodGPS*, int)'
./src/main.o: In function `loop()':
C:\hdl_projects\arty_s7\arty_s7.sdk\s7\Debug/../src/main.cc:111: undefined reference to `GPS_formatSentence(PmodGPS*)'
C:\hdl_projects\arty_s7\arty_s7.sdk\s7\Debug/../src/main.cc:112: undefined reference to `GPS_isFixed(PmodGPS*)'
C:\hdl_projects\arty_s7\arty_s7.sdk\s7\Debug/../src/main.cc:113: undefined reference to `GPS_getLatitude(PmodGPS*)'
C:\hdl_projects\arty_s7\arty_s7.sdk\s7\Debug/../src/main.cc:114: undefined reference to `GPS_getLongitude(PmodGPS*)'
C:\hdl_projects\arty_s7\arty_s7.sdk\s7\Debug/../src/main.cc:115: undefined reference to `GPS_getAltitudeString(PmodGPS*)'
C:\hdl_projects\arty_s7\arty_s7.sdk\s7\Debug/../src/main.cc:116: undefined reference to `GPS_getNumSats(PmodGPS*)'
C:\hdl_projects\arty_s7\arty_s7.sdk\s7\Debug/../src/main.cc:118: undefined reference to `GPS_getNumSats(PmodGPS*)'
collect2.exe: error: ld returned 1 exit status
make: *** [s7.elf] Error 1
15:57:50 **** Incremental Build of configuration Debug for project s7 ****
make all 
'Building file: ../src/main.cc'
'Invoking: MicroBlaze g++ compiler'
mb-g++ -Wall -O0 -g3 -c -fmessage-length=0 -MT"src/main.o" -I../../s7_bsp/microblaze_0/include -mlittle-endian -mcpu=v10.0 -mxl-soft-mul -Wl,--no-relax -ffunction-sections -fdata-sections -MMD -MP -MF"src/main.d" -MT"src/main.o" -o "src/main.o" "../src/main.cc"
'Finished building: ../src/main.cc'
' '
'Building target: s7.elf'
[...]
 //            "Magnetometer Gauss values   X:%.2f Gauss, Y:%.2f Gauss, Z:%.2f Gauss \
 ^
../src/main.cc: In function 'void TimerCounterHandler(void*, u8)':
../src/main.cc:236:46: warning: ISO C++ forbids converting a string constant to 'char*' [-Wwrite-strings]
            "South-West", "West", "North-West"};
                                              ^
../src/main.cc:236:46: warning: ISO C++ forbids converting a string constant to 'char*' [-Wwrite-strings]
../src/main.cc:236:46: warning: ISO C++ forbids converting a string constant to 'char*' [-Wwrite-strings]
../src/main.cc:236:46: warning: ISO C++ forbids converting a string constant to 'char*' [-Wwrite-strings]
../src/main.cc:236:46: warning: ISO C++ forbids converting a string constant to 'char*' [-Wwrite-strings]
../src/main.cc:236:46: warning: ISO C++ forbids converting a string constant to 'char*' [-Wwrite-strings]
../src/main.cc:236:46: warning: ISO C++ forbids converting a string constant to 'char*' [-Wwrite-strings]
../src/main.cc:236:46: warning: ISO C++ forbids converting a string constant to 'char*' [-Wwrite-strings]
../src/main.cc:334:14: warning: ISO C++ forbids converting a string constant to 'char*' [-Wwrite-strings]
        str = "Clockwise";
              ^~~~~~~~~~~
../src/main.cc:336:13: warning: ISO C++ forbids converting a string constant to 'char*' [-Wwrite-strings]
       str = "Counter-Clockwise";
             ^~~~~~~~~~~~~~~~~~~
../src/main.cc:338:14: warning: ISO C++ forbids converting a string constant to 'char*' [-Wwrite-strings]
        str = "Marginal";
              ^~~~~~~~~~
../src/main.cc: In function 'int SetupInterruptSystem()':
../src/main.cc:398:8: warning: unused variable 'Options' [-Wunused-variable]
    u16 Options;
        ^~~~~~~
'Finished building: ../src/main.cc'
' '
'Building target: s7.elf'
'Invoking: MicroBlaze g++ linker'
mb-g++ -Wl,-T -Wl,../src/lscript.ld -L../../s7_bsp/microblaze_0/lib -mlittle-endian -mcpu=v10.0 -mxl-soft-mul -Wl,--no-relax -Wl,--gc-sections -o "s7.elf"  ./src/main.o   -Wl,--start-group,-lxil,-lgcc,-lc,-lstdc++,--end-group
'Finished building target: s7.elf'
' '
'Invoking: MicroBlaze Print Size'
mb-size s7.elf  |tee "s7.elf.size"
   text	   data	    bss	    dec	    hex	filename
 188348	   1724	  51304	 241376	  3aee0	s7.elf
'Finished building: s7.elf.size'
' '
19:33:46 **** Incremental Build of configuration Debug for project s7 ****
make all 
make: Nothing to be done for `all'.
19:35:35 **** Incremental Build of configuration Debug for project s7 ****
make all 
'Building file: ../src/main.cc'
'Invoking: MicroBlaze g++ compiler'
mb-g++ -Wall -O0 -g3 -c -fmessage-length=0 -MT"src/main.o" -I../../s7_bsp/microblaze_0/include -mlittle-endian -mcpu=v10.0 -mxl-soft-mul -Wl,--no-relax -ffunction-sections -fdata-sections -MMD -MP -MF"src/main.d" -MT"src/main.o" -o "src/main.o" "../src/main.cc"
../src/main.cc:319:1: warning: multi-line comment [-Wcomment]
 //            "Magnetometer Gauss values   X:%.2f Gauss, Y:%.2f Gauss, Z:%.2f Gauss \
 ^
../src/main.cc: In function 'void TimerCounterHandler(void*, u8)':
../src/main.cc:236:46: warning: ISO C++ forbids converting a string constant to 'char*' [-Wwrite-strings]
            "South-West", "West", "North-West"};
                                              ^
../src/main.cc:236:46: warning: ISO C++ forbids converting a string constant to 'char*' [-Wwrite-strings]
../src/main.cc:236:46: warning: ISO C++ forbids converting a string constant to 'char*' [-Wwrite-strings]
../src/main.cc:236:46: warning: ISO C++ forbids converting a string constant to 'char*' [-Wwrite-strings]
../src/main.cc:236:46: warning: ISO C++ forbids converting a string constant to 'char*' [-Wwrite-strings]
../src/main.cc:236:46: warning: ISO C++ forbids converting a string constant to 'char*' [-Wwrite-strings]
../src/main.cc:236:46: warning: ISO C++ forbids converting a string constant to 'char*' [-Wwrite-strings]
../src/main.cc:236:46: warning: ISO C++ forbids converting a string constant to 'char*' [-Wwrite-strings]
../src/main.cc:334:14: warning: ISO C++ forbids converting a string constant to 'char*' [-Wwrite-strings]
        str = "Clockwise";
              ^~~~~~~~~~~
../src/main.cc:336:13: warning: ISO C++ forbids converting a string constant to 'char*' [-Wwrite-strings]
       str = "Counter-Clockwise";
             ^~~~~~~~~~~~~~~~~~~
../src/main.cc:338:14: warning: ISO C++ forbids converting a string constant to 'char*' [-Wwrite-strings]
        str = "Marginal";
              ^~~~~~~~~~
../src/main.cc: In function 'int SetupInterruptSystem()':
../src/main.cc:398:8: warning: unused variable 'Options' [-Wunused-variable]
    u16 Options;
        ^~~~~~~
'Finished building: ../src/main.cc'
' '
'Building target: s7.elf'
'Invoking: MicroBlaze g++ linker'
mb-g++ -Wl,-T -Wl,../src/lscript.ld -L../../s7_bsp/microblaze_0/lib -mlittle-endian -mcpu=v10.0 -mxl-soft-mul -Wl,--no-relax -Wl,--gc-sections -o "s7.elf"  ./src/main.o   -Wl,--start-group,-lxil,-lgcc,-lc,-lstdc++,--end-group
'Finished building target: s7.elf'
' '
'Invoking: MicroBlaze Print Size'
mb-size s7.elf  |tee "s7.elf.size"
   text	   data	    bss	    dec	    hex	filename
 188352	   1724	  51300	 241376	  3aee0	s7.elf
'Finished building: s7.elf.size'
' '
19:39:06 **** Incremental Build of configuration Debug for project s7 ****
make all 
make: Nothing to be done for `all'.
19:39:37 **** Incremental Build of configuration Debug for project s7 ****
make all 
make: Nothing to be done for `all'.
19:41:11 **** Incremental Build of configuration Debug for project s7 ****
make all 
'Building file: ../src/main.cc'
'Invoking: MicroBlaze g++ compiler'
mb-g++ -Wall -O0 -g3 -c -fmessage-length=0 -MT"src/main.o" -I../../s7_bsp/microblaze_0/include -mlittle-endian -mcpu=v10.0 -mxl-soft-mul -Wl,--no-relax -ffunction-sections -fdata-sections -MMD -MP -MF"src/main.d" -MT"src/main.o" -o "src/main.o" "../src/main.cc"
../src/main.cc:320:1: warning: multi-line comment [-Wcomment]
 //            "Magnetometer Gauss values   X:%.2f Gauss, Y:%.2f Gauss, Z:%.2f Gauss \
 ^
../src/main.cc: In function 'void TimerCounterHandler(void*, u8)':
../src/main.cc:237:46: warning: ISO C++ forbids converting a string constant to 'char*' [-Wwrite-strings]
            "South-West", "West", "North-West"};
                                              ^
../src/main.cc:237:46: warning: ISO C++ forbids converting a string constant to 'char*' [-Wwrite-strings]
../src/main.cc:237:46: warning: ISO C++ forbids converting a string constant to 'char*' [-Wwrite-strings]
../src/main.cc:237:46: warning: ISO C++ forbids converting a string constant to 'char*' [-Wwrite-strings]
../src/main.cc:237:46: warning: ISO C++ forbids converting a string constant to 'char*' [-Wwrite-strings]
../src/main.cc:237:46: warning: ISO C++ forbids converting a string constant to 'char*' [-Wwrite-strings]
../src/main.cc:237:46: warning: ISO C++ forbids converting a string constant to 'char*' [-Wwrite-strings]
../src/main.cc:237:46: warning: ISO C++ forbids converting a string constant to 'char*' [-Wwrite-strings]
../src/main.cc:335:14: warning: ISO C++ forbids converting a string constant to 'char*' [-Wwrite-strings]
        str = "Clockwise";
              ^~~~~~~~~~~
../src/main.cc:337:13: warning: ISO C++ forbids converting a string constant to 'char*' [-Wwrite-strings]
       str = "Counter-Clockwise";
             ^~~~~~~~~~~~~~~~~~~
../src/main.cc:339:14: warning: ISO C++ forbids converting a string constant to 'char*' [-Wwrite-strings]
        str = "Marginal";
              ^~~~~~~~~~
../src/main.cc: In function 'int SetupInterruptSystem()':
../src/main.cc:399:8: warning: unused variable 'Options' [-Wunused-variable]
    u16 Options;
        ^~~~~~~
'Finished building: ../src/main.cc'
' '
'Building target: s7.elf'
'Invoking: MicroBlaze g++ linker'
mb-g++ -Wl,-T -Wl,../src/lscript.ld -L../../s7_bsp/microblaze_0/lib -mlittle-endian -mcpu=v10.0 -mxl-soft-mul -Wl,--no-relax -Wl,--gc-sections -o "s7.elf"  ./src/main.o   -Wl,--start-group,-lxil,-lgcc,-lc,-lstdc++,--end-group
'Finished building target: s7.elf'
' '
'Invoking: MicroBlaze Print Size'
mb-size s7.elf  |tee "s7.elf.size"
   text	   data	    bss	    dec	    hex	filename
 188384	   1724	  51300	 241408	  3af00	s7.elf
'Finished building: s7.elf.size'
' '
19:41:45 **** Incremental Build of configuration Debug for project s7 ****
make all 
make: Nothing to be done for `all'.
19:42:49 **** Incremental Build of configuration Debug for project s7 ****
make all 
make: Nothing to be done for `all'.
19:45:44 **** Incremental Build of configuration Debug for project s7 ****
make all 
make: Nothing to be done for `all'.
09:10:01 **** Incremental Build of configuration Debug for project s7 ****
make all 
'Building file: ../src/main.cc'
'Invoking: MicroBlaze g++ compiler'
mb-g++ -Wall -O0 -g3 -c -fmessage-length=0 -MT"src/main.o" -I../../s7_bsp/microblaze_0/include -mlittle-endian -mcpu=v10.0 -mxl-soft-mul -Wl,--no-relax -ffunction-sections -fdata-sections -MMD -MP -MF"src/main.d" -MT"src/main.o" -o "src/main.o" "../src/main.cc"
../src/main.cc:320:1: warning: multi-line comment [-Wcomment]
 //            "Magnetometer Gauss values   X:%.2f Gauss, Y:%.2f Gauss, Z:%.2f Gauss \
 ^
../src/main.cc: In function 'void TimerCounterHandler(void*, u8)':
../src/main.cc:237:46: warning: ISO C++ forbids converting a string constant to 'char*' [-Wwrite-strings]
            "South-West", "West", "North-West"};
                                              ^
../src/main.cc:237:46: warning: ISO C++ forbids converting a string constant to 'char*' [-Wwrite-strings]
../src/main.cc:237:46: warning: ISO C++ forbids converting a string constant to 'char*' [-Wwrite-strings]
../src/main.cc:237:46: warning: ISO C++ forbids converting a string constant to 'char*' [-Wwrite-strings]
../src/main.cc:237:46: warning: ISO C++ forbids converting a string constant to 'char*' [-Wwrite-strings]
../src/main.cc:237:46: warning: ISO C++ forbids converting a string constant to 'char*' [-Wwrite-strings]
../src/main.cc:237:46: warning: ISO C++ forbids converting a string constant to 'char*' [-Wwrite-strings]
../src/main.cc:237:46: warning: ISO C++ forbids converting a string constant to 'char*' [-Wwrite-strings]
../src/main.cc:335:14: warning: ISO C++ forbids converting a string constant to 'char*' [-Wwrite-strings]
        str = "Clockwise";
              ^~~~~~~~~~~
../src/main.cc:337:13: warning: ISO C++ forbids converting a string constant to 'char*' [-Wwrite-strings]
       str = "Counter-Clockwise";
             ^~~~~~~~~~~~~~~~~~~
../src/main.cc:339:14: warning: ISO C++ forbids converting a string constant to 'char*' [-Wwrite-strings]
        str = "Marginal";
              ^~~~~~~~~~
../src/main.cc: In function 'int SetupInterruptSystem()':
../src/main.cc:400:8: warning: unused variable 'Options' [-Wunused-variable]
    u16 Options;
        ^~~~~~~
'Finished building: ../src/main.cc'
' '
'Building target: s7.elf'
'Invoking: MicroBlaze g++ linker'
mb-g++ -Wl,-T -Wl,../src/lscript.ld -L../../s7_bsp/microblaze_0/lib -mlittle-endian -mcpu=v10.0 -mxl-soft-mul -Wl,--no-relax -Wl,--gc-sections -o "s7.elf"  ./src/main.o   -Wl,--start-group,-lxil,-lgcc,-lc,-lstdc++,--end-group
'Finished building target: s7.elf'
' '
'Invoking: MicroBlaze Print Size'
mb-size s7.elf  |tee "s7.elf.size"
   text	   data	    bss	    dec	    hex	filename
 188416	   1724	  51300	 241440	  3af20	s7.elf
'Finished building: s7.elf.size'
' '
09:12:53 **** Incremental Build of configuration Debug for project s7 ****
make all 
make: Nothing to be done for `all'.
09:21:02 **** Incremental Build of configuration Debug for project s7 ****
make all 
'Building file: ../src/main.cc'
'Invoking: MicroBlaze g++ compiler'
mb-g++ -Wall -O0 -g3 -c -fmessage-length=0 -MT"src/main.o" -I../../s7_bsp/microblaze_0/include -mlittle-endian -mcpu=v10.0 -mxl-soft-mul -Wl,--no-relax -ffunction-sections -fdata-sections -MMD -MP -MF"src/main.d" -MT"src/main.o" -o "src/main.o" "../src/main.cc"
../src/main.cc:283:1: warning: multi-line comment [-Wcomment]
 //            "Magnetometer Gauss values   X:%.2f Gauss, Y:%.2f Gauss, Z:%.2f Gauss \
 ^
../src/main.cc: In function 'void TimerCounterHandler(void*, u8)':
../src/main.cc:227:46: warning: ISO C++ forbids converting a string constant to 'char*' [-Wwrite-strings]
            "South-West", "West", "North-West"};
                                              ^
../src/main.cc:227:46: warning: ISO C++ forbids converting a string constant to 'char*' [-Wwrite-strings]
../src/main.cc:227:46: warning: ISO C++ forbids converting a string constant to 'char*' [-Wwrite-strings]
../src/main.cc:227:46: warning: ISO C++ forbids converting a string constant to 'char*' [-Wwrite-strings]
../src/main.cc:227:46: warning: ISO C++ forbids converting a string constant to 'char*' [-Wwrite-strings]
../src/main.cc:227:46: warning: ISO C++ forbids converting a string constant to 'char*' [-Wwrite-strings]
../src/main.cc:227:46: warning: ISO C++ forbids converting a string constant to 'char*' [-Wwrite-strings]
../src/main.cc:227:46: warning: ISO C++ forbids converting a string constant to 'char*' [-Wwrite-strings]
../src/main.cc:298:14: warning: ISO C++ forbids converting a string constant to 'char*' [-Wwrite-strings]
        str = "Clockwise";
              ^~~~~~~~~~~
../src/main.cc:300:13: warning: ISO C++ forbids converting a string constant to 'char*' [-Wwrite-strings]
       str = "Counter-Clockwise";
             ^~~~~~~~~~~~~~~~~~~
../src/main.cc:302:14: warning: ISO C++ forbids converting a string constant to 'char*' [-Wwrite-strings]
        str = "Marginal";
              ^~~~~~~~~~
../src/main.cc: In function 'int SetupInterruptSystem()':
../src/main.cc:348:8: warning: unused variable 'Options' [-Wunused-variable]
    u16 Options;
        ^~~~~~~
'Finished building: ../src/main.cc'
' '
'Building target: s7.elf'
'Invoking: MicroBlaze g++ linker'
mb-g++ -Wl,-T -Wl,../src/lscript.ld -L../../s7_bsp/microblaze_0/lib -mlittle-endian -mcpu=v10.0 -mxl-soft-mul -Wl,--no-relax -Wl,--gc-sections -o "s7.elf"  ./src/main.o   -Wl,--start-group,-lxil,-lgcc,-lc,-lstdc++,--end-group
'Finished building target: s7.elf'
' '
'Invoking: MicroBlaze Print Size'
mb-size s7.elf  |tee "s7.elf.size"
   text	   data	    bss	    dec	    hex	filename
 170744	   1724	 788580	 961048	  eaa18	s7.elf
'Finished building: s7.elf.size'
' '
09:28:42 **** Incremental Build of configuration Debug for project s7 ****
make all 
'Building file: ../src/main.cc'
'Invoking: MicroBlaze g++ compiler'
mb-g++ -Wall -O0 -g3 -c -fmessage-length=0 -MT"src/main.o" -I../../s7_bsp/microblaze_0/include -mlittle-endian -mcpu=v10.0 -mxl-soft-mul -Wl,--no-relax -ffunction-sections -fdata-sections -MMD -MP -MF"src/main.d" -MT"src/main.o" -o "src/main.o" "../src/main.cc"
../src/main.cc:290:1: warning: multi-line comment [-Wcomment]
 //            "Magnetometer Gauss values   X:%.2f Gauss, Y:%.2f Gauss, Z:%.2f Gauss \
 ^
../src/main.cc: In function 'void TimerCounterHandler(void*, u8)':
../src/main.cc:228:46: warning: ISO C++ forbids converting a string constant to 'char*' [-Wwrite-strings]
            "South-West", "West", "North-West"};
                                              ^
../src/main.cc:228:46: warning: ISO C++ forbids converting a string constant to 'char*' [-Wwrite-strings]
../src/main.cc:228:46: warning: ISO C++ forbids converting a string constant to 'char*' [-Wwrite-strings]
../src/main.cc:228:46: warning: ISO C++ forbids converting a string constant to 'char*' [-Wwrite-strings]
../src/main.cc:228:46: warning: ISO C++ forbids converting a string constant to 'char*' [-Wwrite-strings]
../src/main.cc:228:46: warning: ISO C++ forbids converting a string constant to 'char*' [-Wwrite-strings]
../src/main.cc:228:46: warning: ISO C++ forbids converting a string constant to 'char*' [-Wwrite-strings]
../src/main.cc:228:46: warning: ISO C++ forbids converting a string constant to 'char*' [-Wwrite-strings]
../src/main.cc:305:14: warning: ISO C++ forbids converting a string constant to 'char*' [-Wwrite-strings]
        str = "Clockwise";
              ^~~~~~~~~~~
../src/main.cc:307:13: warning: ISO C++ forbids converting a string constant to 'char*' [-Wwrite-strings]
       str = "Counter-Clockwise";
             ^~~~~~~~~~~~~~~~~~~
../src/main.cc:309:14: warning: ISO C++ forbids converting a string constant to 'char*' [-Wwrite-strings]
        str = "Marginal";
              ^~~~~~~~~~
../src/main.cc: In function 'int SetupInterruptSystem()':
../src/main.cc:355:8: warning: unused variable 'Options' [-Wunused-variable]
    u16 Options;
        ^~~~~~~
'Finished building: ../src/main.cc'
' '
'Building target: s7.elf'
'Invoking: MicroBlaze g++ linker'
mb-g++ -Wl,-T -Wl,../src/lscript.ld -L../../s7_bsp/microblaze_0/lib -mlittle-endian -mcpu=v10.0 -mxl-soft-mul -Wl,--no-relax -Wl,--gc-sections -o "s7.elf"  ./src/main.o   -Wl,--start-group,-lxil,-lgcc,-lc,-lstdc++,--end-group
'Finished building target: s7.elf'
' '
'Invoking: MicroBlaze Print Size'
mb-size s7.elf  |tee "s7.elf.size"
   text	   data	    bss	    dec	    hex	filename
 171084	   1724	 788584	 961392	  eab70	s7.elf
'Finished building: s7.elf.size'
' '
09:37:15 **** Incremental Build of configuration Debug for project s7 ****
make all 
'Building file: ../src/main.cc'
'Invoking: MicroBlaze g++ compiler'
mb-g++ -Wall -O0 -g3 -c -fmessage-length=0 -MT"src/main.o" -I../../s7_bsp/microblaze_0/include -mlittle-endian -mcpu=v10.0 -mxl-soft-mul -Wl,--no-relax -ffunction-sections -fdata-sections -MMD -MP -MF"src/main.d" -MT"src/main.o" -o "src/main.o" "../src/main.cc"
../src/main.cc:290:1: warning: multi-line comment [-Wcomment]
 //            "Magnetometer Gauss values   X:%.2f Gauss, Y:%.2f Gauss, Z:%.2f Gauss \
 ^
../src/main.cc: In function 'void TimerCounterHandler(void*, u8)':
../src/main.cc:228:46: warning: ISO C++ forbids converting a string constant to 'char*' [-Wwrite-strings]
            "South-West", "West", "North-West"};
                                              ^
../src/main.cc:228:46: warning: ISO C++ forbids converting a string constant to 'char*' [-Wwrite-strings]
../src/main.cc:228:46: warning: ISO C++ forbids converting a string constant to 'char*' [-Wwrite-strings]
../src/main.cc:228:46: warning: ISO C++ forbids converting a string constant to 'char*' [-Wwrite-strings]
../src/main.cc:228:46: warning: ISO C++ forbids converting a string constant to 'char*' [-Wwrite-strings]
../src/main.cc:228:46: warning: ISO C++ forbids converting a string constant to 'char*' [-Wwrite-strings]
../src/main.cc:228:46: warning: ISO C++ forbids converting a string constant to 'char*' [-Wwrite-strings]
../src/main.cc:228:46: warning: ISO C++ forbids converting a string constant to 'char*' [-Wwrite-strings]
../src/main.cc:305:14: warning: ISO C++ forbids converting a string constant to 'char*' [-Wwrite-strings]
        str = "Clockwise";
              ^~~~~~~~~~~
../src/main.cc:307:13: warning: ISO C++ forbids converting a string constant to 'char*' [-Wwrite-strings]
       str = "Counter-Clockwise";
             ^~~~~~~~~~~~~~~~~~~
../src/main.cc:309:14: warning: ISO C++ forbids converting a string constant to 'char*' [-Wwrite-strings]
        str = "Marginal";
              ^~~~~~~~~~
../src/main.cc: In function 'int SetupInterruptSystem()':
../src/main.cc:355:8: warning: unused variable 'Options' [-Wunused-variable]
    u16 Options;
        ^~~~~~~
'Finished building: ../src/main.cc'
' '
'Building target: s7.elf'
'Invoking: MicroBlaze g++ linker'
mb-g++ -Wl,-T -Wl,../src/lscript.ld -L../../s7_bsp/microblaze_0/lib -mlittle-endian -mcpu=v10.0 -mxl-soft-mul -Wl,--no-relax -Wl,--gc-sections -o "s7.elf"  ./src/main.o   -Wl,--start-group,-lxil,-lgcc,-lc,-lstdc++,--end-group
'Finished building target: s7.elf'
' '
'Invoking: MicroBlaze Print Size'
mb-size s7.elf  |tee "s7.elf.size"
   text	   data	    bss	    dec	    hex	filename
 171084	   1724	 788584	 961392	  eab70	s7.elf
'Finished building: s7.elf.size'
' '
