Copyright 1986-2017 Xilinx, Inc. All Rights Reserved.
------------------------------------------------------------------------------------
| Tool Version : Vivado v.2017.3 (win64) Build 2018833 Wed Oct  4 19:58:22 MDT 2017
| Date         : Sat Mar 31 10:28:03 2018
| Host         : DESKTOP-HQKVQ13 running 64-bit major release  (build 9200)
| Command      : report_control_sets -file design_1_wrapper_control_sets_placed.rpt
| Design       : design_1_wrapper
| Device       : xc7s50
------------------------------------------------------------------------------------

Control Set Information

Table of Contents
-----------------
1. Summary
2. Flip-Flop Distribution

1. Summary
----------

+-------------------------------+-------+
|             Status            | Count |
+-------------------------------+-------+
| Number of unique control sets |   797 |
+-------------------------------+-------+


2. Flip-Flop Distribution
-------------------------

+--------------+-----------------------+------------------------+-----------------+--------------+
| Clock Enable | Synchronous Set/Reset | Asynchronous Set/Reset | Total Registers | Total Slices |
+--------------+-----------------------+------------------------+-----------------+--------------+
| No           | No                    | No                     |            4547 |         1281 |
| No           | No                    | Yes                    |             322 |           95 |
| No           | Yes                   | No                     |            2362 |          883 |
| Yes          | No                    | No                     |            3743 |         1003 |
| Yes          | No                    | Yes                    |             273 |           52 |
| Yes          | Yes                   | No                     |            4144 |         1337 |
+--------------+-----------------------+------------------------+-----------------+--------------+


